Component: ARM Compiler 5.06 update 7 (build 960) Tool: armlink [4d3601]

==============================================================================

Section Cross References

    startup_stm32f107xc.o(RESET) refers to startup_stm32f107xc.o(STACK) for __initial_sp
    startup_stm32f107xc.o(RESET) refers to startup_stm32f107xc.o(.text) for Reset_Handler
    startup_stm32f107xc.o(RESET) refers to stm32f1xx_it.o(i.NMI_Handler) for NMI_Handler
    startup_stm32f107xc.o(RESET) refers to stm32f1xx_it.o(i.HardFault_Handler) for HardFault_Handler
    startup_stm32f107xc.o(RESET) refers to stm32f1xx_it.o(i.MemManage_Handler) for MemManage_Handler
    startup_stm32f107xc.o(RESET) refers to stm32f1xx_it.o(i.BusFault_Handler) for BusFault_Handler
    startup_stm32f107xc.o(RESET) refers to stm32f1xx_it.o(i.UsageFault_Handler) for UsageFault_Handler
    startup_stm32f107xc.o(RESET) refers to stm32f1xx_it.o(i.SVC_Handler) for SVC_Handler
    startup_stm32f107xc.o(RESET) refers to stm32f1xx_it.o(i.DebugMon_Handler) for DebugMon_Handler
    startup_stm32f107xc.o(RESET) refers to stm32f1xx_it.o(i.PendSV_Handler) for PendSV_Handler
    startup_stm32f107xc.o(RESET) refers to stm32f1xx_it.o(i.SysTick_Handler) for SysTick_Handler
    startup_stm32f107xc.o(RESET) refers to stm32f1xx_it.o(i.EXTI4_IRQHandler) for EXTI4_IRQHandler
    startup_stm32f107xc.o(RESET) refers to stm32f1xx_it.o(i.TIM7_IRQHandler) for TIM7_IRQHandler
    startup_stm32f107xc.o(.text) refers to system_stm32f1xx.o(i.SystemInit) for SystemInit
    startup_stm32f107xc.o(.text) refers to entry.o(.ARM.Collect$$$$00000000) for __main
    main.o(i.HAL_GPIO_EXTI_Callback) refers to ch395cmd.o(i.CH395_SocketIRQ) for CH395_SocketIRQ
    main.o(i.HAL_GPIO_EXTI_Callback) refers to modbustcp.o(.data) for ch395_0
    main.o(i.HAL_TIM_PeriodElapsedCallback) refers to stm32f1xx_hal.o(i.HAL_IncTick) for HAL_IncTick
    main.o(i.SystemClock_Config) refers to memseta.o(.text) for __aeabi_memclr4
    main.o(i.SystemClock_Config) refers to stm32f1xx_hal_rcc.o(i.HAL_RCC_OscConfig) for HAL_RCC_OscConfig
    main.o(i.SystemClock_Config) refers to main.o(i.Error_Handler) for Error_Handler
    main.o(i.SystemClock_Config) refers to stm32f1xx_hal_rcc.o(i.HAL_RCC_ClockConfig) for HAL_RCC_ClockConfig
    main.o(i.main) refers to stm32f1xx_hal.o(i.HAL_Init) for HAL_Init
    main.o(i.main) refers to main.o(i.SystemClock_Config) for SystemClock_Config
    main.o(i.main) refers to gpio.o(i.MX_GPIO_Init) for MX_GPIO_Init
    main.o(i.main) refers to spi.o(i.MX_SPI3_Init) for MX_SPI3_Init
    main.o(i.main) refers to ch395cmd.o(i.CH395_Init) for CH395_Init
    main.o(i.main) refers to stm32f1xx_hal.o(i.HAL_Delay) for HAL_Delay
    main.o(i.main) refers to ch395cmd.o(i.CH395CMDGetPHYStatus) for CH395CMDGetPHYStatus
    main.o(i.main) refers to ch395cmd.o(i.CH395_InitSocketParam) for CH395_InitSocketParam
    main.o(i.main) refers to modbustcp.o(.data) for Socket_0
    gpio.o(i.MX_GPIO_Init) refers to stm32f1xx_hal_gpio.o(i.HAL_GPIO_WritePin) for HAL_GPIO_WritePin
    gpio.o(i.MX_GPIO_Init) refers to stm32f1xx_hal_gpio.o(i.HAL_GPIO_Init) for HAL_GPIO_Init
    gpio.o(i.MX_GPIO_Init) refers to stm32f1xx_hal_cortex.o(i.HAL_NVIC_SetPriority) for HAL_NVIC_SetPriority
    gpio.o(i.MX_GPIO_Init) refers to stm32f1xx_hal_cortex.o(i.HAL_NVIC_EnableIRQ) for HAL_NVIC_EnableIRQ
    spi.o(i.HAL_SPI_MspDeInit) refers to stm32f1xx_hal_gpio.o(i.HAL_GPIO_DeInit) for HAL_GPIO_DeInit
    spi.o(i.HAL_SPI_MspInit) refers to stm32f1xx_hal_gpio.o(i.HAL_GPIO_Init) for HAL_GPIO_Init
    spi.o(i.MX_SPI3_Init) refers to stm32f1xx_hal_spi.o(i.HAL_SPI_Init) for HAL_SPI_Init
    spi.o(i.MX_SPI3_Init) refers to main.o(i.Error_Handler) for Error_Handler
    spi.o(i.MX_SPI3_Init) refers to spi.o(.bss) for .bss
    stm32f1xx_it.o(i.EXTI4_IRQHandler) refers to stm32f1xx_hal_gpio.o(i.HAL_GPIO_EXTI_IRQHandler) for HAL_GPIO_EXTI_IRQHandler
    stm32f1xx_it.o(i.TIM7_IRQHandler) refers to stm32f1xx_hal_tim.o(i.HAL_TIM_IRQHandler) for HAL_TIM_IRQHandler
    stm32f1xx_it.o(i.TIM7_IRQHandler) refers to stm32f1xx_hal_timebase_tim.o(.bss) for htim7
    stm32f1xx_hal_timebase_tim.o(i.HAL_InitTick) refers to stm32f1xx_hal_cortex.o(i.HAL_NVIC_SetPriority) for HAL_NVIC_SetPriority
    stm32f1xx_hal_timebase_tim.o(i.HAL_InitTick) refers to stm32f1xx_hal_cortex.o(i.HAL_NVIC_EnableIRQ) for HAL_NVIC_EnableIRQ
    stm32f1xx_hal_timebase_tim.o(i.HAL_InitTick) refers to stm32f1xx_hal_rcc.o(i.HAL_RCC_GetClockConfig) for HAL_RCC_GetClockConfig
    stm32f1xx_hal_timebase_tim.o(i.HAL_InitTick) refers to stm32f1xx_hal_rcc.o(i.HAL_RCC_GetPCLK1Freq) for HAL_RCC_GetPCLK1Freq
    stm32f1xx_hal_timebase_tim.o(i.HAL_InitTick) refers to stm32f1xx_hal_tim.o(i.HAL_TIM_Base_Init) for HAL_TIM_Base_Init
    stm32f1xx_hal_timebase_tim.o(i.HAL_InitTick) refers to stm32f1xx_hal_tim.o(i.HAL_TIM_Base_Start_IT) for HAL_TIM_Base_Start_IT
    stm32f1xx_hal_timebase_tim.o(i.HAL_InitTick) refers to stm32f1xx_hal_timebase_tim.o(.bss) for .bss
[...]
    Removing main.o(.rrx_text), (6 bytes).
    Removing main.o(.data), (1 bytes).
    Removing main.o(.data), (1 bytes).
    Removing gpio.o(.rev16_text), (4 bytes).
    Removing gpio.o(.revsh_text), (4 bytes).
    Removing gpio.o(.rrx_text), (6 bytes).
    Removing spi.o(.rev16_text), (4 bytes).
    Removing spi.o(.revsh_text), (4 bytes).
    Removing spi.o(.rrx_text), (6 bytes).
    Removing spi.o(i.HAL_SPI_MspDeInit), (44 bytes).
    Removing stm32f1xx_it.o(.rev16_text), (4 bytes).
    Removing stm32f1xx_it.o(.revsh_text), (4 bytes).
    Removing stm32f1xx_it.o(.rrx_text), (6 bytes).
    Removing stm32f1xx_hal_msp.o(.rev16_text), (4 bytes).
    Removing stm32f1xx_hal_msp.o(.revsh_text), (4 bytes).
    Removing stm32f1xx_hal_msp.o(.rrx_text), (6 bytes).
    Removing stm32f1xx_hal_timebase_tim.o(.rev16_text), (4 bytes).
    Removing stm32f1xx_hal_timebase_tim.o(.revsh_text), (4 bytes).
    Removing stm32f1xx_hal_timebase_tim.o(.rrx_text), (6 bytes).
    Removing stm32f1xx_hal_timebase_tim.o(i.HAL_ResumeTick), (20 bytes).
    Removing stm32f1xx_hal_timebase_tim.o(i.HAL_SuspendTick), (20 bytes).
    Removing stm32f1xx_hal_gpio_ex.o(.rev16_text), (4 bytes).
    Removing stm32f1xx_hal_gpio_ex.o(.revsh_text), (4 bytes).
    Removing stm32f1xx_hal_gpio_ex.o(.rrx_text), (6 bytes).
    Removing stm32f1xx_hal_gpio_ex.o(i.HAL_GPIOEx_ConfigEventout), (20 bytes).
    Removing stm32f1xx_hal_gpio_ex.o(i.HAL_GPIOEx_DisableEventout), (16 bytes).
    Removing stm32f1xx_hal_gpio_ex.o(i.HAL_GPIOEx_EnableEventout), (16 bytes).
    Removing stm32f1xx_hal_spi.o(.rev16_text), (4 bytes).
    Removing stm32f1xx_hal_spi.o(.revsh_text), (4 bytes).
    Removing stm32f1xx_hal_spi.o(.rrx_text), (6 bytes).
    Removing stm32f1xx_hal_spi.o(i.HAL_SPI_Abort), (292 bytes).
    Removing stm32f1xx_hal_spi.o(i.HAL_SPI_AbortCpltCallback), (2 bytes).
    Removing stm32f1xx_hal_spi.o(i.HAL_SPI_Abort_IT), (300 bytes).
    Removing stm32f1xx_hal_spi.o(i.HAL_SPI_DMAPause), (38 bytes).
    Removing stm32f1xx_hal_spi.o(i.HAL_SPI_DMAResume), (38 bytes).
    Removing stm32f1xx_hal_spi.o(i.HAL_SPI_DMAStop), (68 bytes).
    Removing stm32f1xx_hal_spi.o(i.HAL_SPI_DeInit), (46 bytes).
    Removing stm32f1xx_hal_spi.o(i.HAL_SPI_ErrorCallback), (2 bytes).
    Removing stm32f1xx_hal_spi.o(i.HAL_SPI_GetError), (4 bytes).
    Removing stm32f1xx_hal_spi.o(i.HAL_SPI_GetState), (6 bytes).
    Removing stm32f1xx_hal_spi.o(i.HAL_SPI_IRQHandler), (240 bytes).
    Removing stm32f1xx_hal_spi.o(i.HAL_SPI_MspDeInit), (2 bytes).
    Removing stm32f1xx_hal_spi.o(i.HAL_SPI_MspInit), (2 bytes).
    Removing stm32f1xx_hal_spi.o(i.HAL_SPI_Receive), (346 bytes).
    Removing stm32f1xx_hal_spi.o(i.HAL_SPI_Receive_DMA), (244 bytes).
    Removing stm32f1xx_hal_spi.o(i.HAL_SPI_Receive_IT), (180 bytes).
    Removing stm32f1xx_hal_spi.o(i.HAL_SPI_RxCpltCallback), (2 bytes).
    Removing stm32f1xx_hal_spi.o(i.HAL_SPI_RxHalfCpltCallback), (2 bytes).
    Removing stm32f1xx_hal_spi.o(i.HAL_SPI_Transmit), (394 bytes).
    Removing stm32f1xx_hal_spi.o(i.HAL_SPI_TransmitReceive_DMA), (312 bytes).
    Removing stm32f1xx_hal_spi.o(i.HAL_SPI_TransmitReceive_IT), (164 bytes).
    Removing stm32f1xx_hal_spi.o(i.HAL_SPI_Transmit_DMA), (216 bytes).
    Removing stm32f1xx_hal_spi.o(i.HAL_SPI_Transmit_IT), (152 bytes).
    Removing stm32f1xx_hal_spi.o(i.HAL_SPI_TxCpltCallback), (2 bytes).
    Removing stm32f1xx_hal_spi.o(i.HAL_SPI_TxHalfCpltCallback), (2 bytes).
    Removing stm32f1xx_hal_spi.o(i.HAL_SPI_TxRxCpltCallback), (2 bytes).
    Removing stm32f1xx_hal_spi.o(i.HAL_SPI_TxRxHalfCpltCallback), (2 bytes).
    Removing stm32f1xx_hal_spi.o(i.SPI_2linesRxISR_16BIT), (48 bytes).
    Removing stm32f1xx_hal_spi.o(i.SPI_2linesRxISR_8BIT), (48 bytes).
    Removing stm32f1xx_hal_spi.o(i.SPI_2linesTxISR_16BIT), (48 bytes).
    Removing stm32f1xx_hal_spi.o(i.SPI_2linesTxISR_8BIT), (48 bytes).
    Removing stm32f1xx_hal_spi.o(i.SPI_AbortRx_ISR), (88 bytes).
    Removing stm32f1xx_hal_spi.o(i.SPI_AbortTx_ISR), (28 bytes).
    Removing stm32f1xx_hal_spi.o(i.SPI_CloseRxTx_ISR), (152 bytes).
    Removing stm32f1xx_hal_spi.o(i.SPI_CloseRx_ISR), (76 bytes).
    Removing stm32f1xx_hal_spi.o(i.SPI_CloseTx_ISR), (128 bytes).
    Removing stm32f1xx_hal_spi.o(i.SPI_DMAAbortOnError), (16 bytes).
    Removing stm32f1xx_hal_spi.o(i.SPI_DMAError), (34 bytes).
    Removing stm32f1xx_hal_spi.o(i.SPI_DMAHalfReceiveCplt), (10 bytes).
    Removing stm32f1xx_hal_spi.o(i.SPI_DMAHalfTransmitCplt), (10 bytes).
    Removing stm32f1xx_hal_spi.o(i.SPI_DMAHalfTransmitReceiveCplt), (10 bytes).
    Removing stm32f1xx_hal_spi.o(i.SPI_DMAReceiveCplt), (108 bytes).
    Removing stm32f1xx_hal_spi.o(i.SPI_DMARxAbortCallback), (98 bytes).
    Removing stm32f1xx_hal_spi.o(i.SPI_DMATransmitCplt), (100 bytes).
    Removing stm32f1xx_hal_spi.o(i.SPI_DMATransmitReceiveCplt), (90 bytes).
    Removing stm32f1xx_hal_spi.o(i.SPI_DMATxAbortCallback), (112 bytes).
    Removing stm32f1xx_hal_spi.o(i.SPI_EndRxTransaction), (112 bytes).
    Removing stm32f1xx_hal_spi.o(i.SPI_RxISR_16BIT), (32 bytes).
    Removing stm32f1xx_hal_spi.o(i.SPI_RxISR_8BIT), (32 bytes).
    Removing stm32f1xx_hal_spi.o(i.SPI_TxISR_16BIT), (32 bytes).
    Removing stm32f1xx_hal_spi.o(i.SPI_TxISR_8BIT), (32 bytes).
    Removing stm32f1xx_hal.o(.rev16_text), (4 bytes).
    Removing stm32f1xx_hal.o(.revsh_text), (4 bytes).
    Removing stm32f1xx_hal.o(.rrx_text), (6 bytes).
    Removing stm32f1xx_hal.o(i.HAL_DBGMCU_DisableDBGSleepMode), (16 bytes).
    Removing stm32f1xx_hal.o(i.HAL_DBGMCU_DisableDBGStandbyMode), (16 bytes).
    Removing stm32f1xx_hal.o(i.HAL_DBGMCU_DisableDBGStopMode), (16 bytes).
    Removing stm32f1xx_hal.o(i.HAL_DBGMCU_EnableDBGSleepMode), (16 bytes).
    Removing stm32f1xx_hal.o(i.HAL_DBGMCU_EnableDBGStandbyMode), (16 bytes).
    Removing stm32f1xx_hal.o(i.HAL_DBGMCU_EnableDBGStopMode), (16 bytes).
    Removing stm32f1xx_hal.o(i.HAL_DeInit), (36 bytes).
    Removing stm32f1xx_hal.o(i.HAL_GetDEVID), (16 bytes).
    Removing stm32f1xx_hal.o(i.HAL_GetHalVersion), (8 bytes).
    Removing stm32f1xx_hal.o(i.HAL_GetREVID), (12 bytes).
    Removing stm32f1xx_hal.o(i.HAL_GetTickFreq), (12 bytes).
    Removing stm32f1xx_hal.o(i.HAL_GetTickPrio), (12 bytes).
    Removing stm32f1xx_hal.o(i.HAL_GetUIDw0), (12 bytes).
    Removing stm32f1xx_hal.o(i.HAL_GetUIDw1), (12 bytes).
    Removing stm32f1xx_hal.o(i.HAL_GetUIDw2), (12 bytes).
    Removing stm32f1xx_hal.o(i.HAL_InitTick), (68 bytes).
    Removing stm32f1xx_hal.o(i.HAL_MspDeInit), (2 bytes).
    Removing stm32f1xx_hal.o(i.HAL_MspInit), (2 bytes).
    Removing stm32f1xx_hal.o(i.HAL_ResumeTick), (14 bytes).
    Removing stm32f1xx_hal.o(i.HAL_SetTickFreq), (36 bytes).
    Removing stm32f1xx_hal.o(i.HAL_SuspendTick), (14 bytes).
    Removing stm32f1xx_hal_rcc.o(.rev16_text), (4 bytes).
    Removing stm32f1xx_hal_rcc.o(.revsh_text), (4 bytes).
    Removing stm32f1xx_hal_rcc.o(.rrx_text), (6 bytes).
    Removing stm32f1xx_hal_rcc.o(i.HAL_RCC_CSSCallback), (2 bytes).
    Removing stm32f1xx_hal_rcc.o(i.HAL_RCC_DeInit), (300 bytes).
    Removing stm32f1xx_hal_rcc.o(i.HAL_RCC_DisableCSS), (12 bytes).
    Removing stm32f1xx_hal_rcc.o(i.HAL_RCC_EnableCSS), (12 bytes).
    Removing stm32f1xx_hal_rcc.o(i.HAL_RCC_GetOscConfig), (184 bytes).
    Removing stm32f1xx_hal_rcc.o(i.HAL_RCC_GetPCLK2Freq), (32 bytes).
    Removing stm32f1xx_hal_rcc.o(i.HAL_RCC_MCOConfig), (72 bytes).
    Removing stm32f1xx_hal_rcc.o(i.HAL_RCC_NMI_IRQHandler), (24 bytes).
    Removing stm32f1xx_hal_rcc_ex.o(.rev16_text), (4 bytes).
    Removing stm32f1xx_hal_rcc_ex.o(.revsh_text), (4 bytes).
    Removing stm32f1xx_hal_rcc_ex.o(.rrx_text), (6 bytes).
    Removing stm32f1xx_hal_rcc_ex.o(i.HAL_RCCEx_DisablePLL2), (76 bytes).
    Removing stm32f1xx_hal_rcc_ex.o(i.HAL_RCCEx_DisablePLLI2S), (68 bytes).
    Removing stm32f1xx_hal_rcc_ex.o(i.HAL_RCCEx_EnablePLL2), (160 bytes).
    Removing stm32f1xx_hal_rcc_ex.o(i.HAL_RCCEx_EnablePLLI2S), (152 bytes).
    Removing stm32f1xx_hal_rcc_ex.o(i.HAL_RCCEx_GetPeriphCLKConfig), (68 bytes).
    Removing stm32f1xx_hal_rcc_ex.o(i.HAL_RCCEx_GetPeriphCLKFreq), (392 bytes).
    Removing stm32f1xx_hal_rcc_ex.o(i.HAL_RCCEx_PeriphCLKConfig), (416 bytes).
    Removing stm32f1xx_hal_gpio.o(.rev16_text), (4 bytes).
    Removing stm32f1xx_hal_gpio.o(.revsh_text), (4 bytes).
    Removing stm32f1xx_hal_gpio.o(.rrx_text), (6 bytes).
    Removing stm32f1xx_hal_gpio.o(i.HAL_GPIO_DeInit), (232 bytes).
    Removing stm32f1xx_hal_gpio.o(i.HAL_GPIO_EXTI_Callback), (2 bytes).
    Removing stm32f1xx_hal_gpio.o(i.HAL_GPIO_LockPin), (36 bytes).
    Removing stm32f1xx_hal_gpio.o(i.HAL_GPIO_ReadPin), (14 bytes).
    Removing stm32f1xx_hal_gpio.o(i.HAL_GPIO_TogglePin), (16 bytes).
    Removing stm32f1xx_hal_dma.o(.rev16_text), (4 bytes).
    Removing stm32f1xx_hal_dma.o(.revsh_text), (4 bytes).
    Removing stm32f1xx_hal_dma.o(.rrx_text), (6 bytes).
    Removing stm32f1xx_hal_dma.o(i.DMA_SetConfig), (44 bytes).
    Removing stm32f1xx_hal_dma.o(i.HAL_DMA_Abort), (70 bytes).
    Removing stm32f1xx_hal_dma.o(i.HAL_DMA_Abort_IT), (336 bytes).
    Removing stm32f1xx_hal_dma.o(i.HAL_DMA_DeInit), (132 bytes).
    Removing stm32f1xx_hal_dma.o(i.HAL_DMA_GetError), (4 bytes).
    Removing stm32f1xx_hal_dma.o(i.HAL_DMA_GetState), (6 bytes).
    Removing stm32f1xx_hal_dma.o(i.HAL_DMA_IRQHandler), (672 bytes).
    Removing stm32f1xx_hal_dma.o(i.HAL_DMA_Init), (128 bytes).
    Removing stm32f1xx_hal_dma.o(i.HAL_DMA_PollForTransfer), (1268 bytes).
    Removing stm32f1xx_hal_dma.o(i.HAL_DMA_RegisterCallback), (76 bytes).
    Removing stm32f1xx_hal_dma.o(i.HAL_DMA_Start), (80 bytes).
    Removing stm32f1xx_hal_dma.o(i.HAL_DMA_Start_IT), (116 bytes).
    Removing stm32f1xx_hal_dma.o(i.HAL_DMA_UnRegisterCallback), (86 bytes).
    Removing stm32f1xx_hal_cortex.o(.rev16_text), (4 bytes).
    Removing stm32f1xx_hal_cortex.o(.revsh_text), (4 bytes).
    Removing stm32f1xx_hal_cortex.o(.rrx_text), (6 bytes).
    Removing stm32f1xx_hal_cortex.o(i.HAL_NVIC_ClearPendingIRQ), (26 bytes).
    Removing stm32f1xx_hal_cortex.o(i.HAL_NVIC_DisableIRQ), (34 bytes).
    Removing stm32f1xx_hal_cortex.o(i.HAL_NVIC_GetActive), (40 bytes).
    Removing stm32f1xx_hal_cortex.o(i.HAL_NVIC_GetPendingIRQ), (40 bytes).
    Removing stm32f1xx_hal_cortex.o(i.HAL_NVIC_GetPriority), (86 bytes).
    Removing stm32f1xx_hal_cortex.o(i.HAL_NVIC_GetPriorityGrouping), (16 bytes).
    Removing stm32f1xx_hal_cortex.o(i.HAL_NVIC_SetPendingIRQ), (26 bytes).
    Removing stm32f1xx_hal_cortex.o(i.HAL_NVIC_SystemReset), (36 bytes).
    Removing stm32f1xx_hal_cortex.o(i.HAL_SYSTICK_CLKSourceConfig), (28 bytes).
    Removing stm32f1xx_hal_cortex.o(i.HAL_SYSTICK_Callback), (2 bytes).
    Removing stm32f1xx_hal_cortex.o(i.HAL_SYSTICK_Config), (40 bytes).
    Removing stm32f1xx_hal_cortex.o(i.HAL_SYSTICK_IRQHandler), (8 bytes).
    Removing stm32f1xx_hal_pwr.o(.rev16_text), (4 bytes).
    Removing stm32f1xx_hal_pwr.o(.revsh_text), (4 bytes).
    Removing stm32f1xx_hal_pwr.o(.rrx_text), (6 bytes).
    Removing stm32f1xx_hal_pwr.o(i.HAL_PWR_ConfigPVD), (124 bytes).
    Removing stm32f1xx_hal_pwr.o(i.HAL_PWR_DeInit), (24 bytes).
    Removing stm32f1xx_hal_pwr.o(i.HAL_PWR_DisableBkUpAccess), (12 bytes).
    Removing stm32f1xx_hal_pwr.o(i.HAL_PWR_DisablePVD), (12 bytes).
    Removing stm32f1xx_hal_pwr.o(i.HAL_PWR_DisableSEVOnPend), (16 bytes).
    Removing stm32f1xx_hal_pwr.o(i.HAL_PWR_DisableSleepOnExit), (16 bytes).
    Removing stm32f1xx_hal_pwr.o(i.HAL_PWR_DisableWakeUpPin), (28 bytes).
    Removing stm32f1xx_hal_pwr.o(i.HAL_PWR_EnableBkUpAccess), (12 bytes).
    Removing stm32f1xx_hal_pwr.o(i.HAL_PWR_EnablePVD), (12 bytes).
    Removing stm32f1xx_hal_pwr.o(i.HAL_PWR_EnableSEVOnPend), (16 bytes).
    Removing stm32f1xx_hal_pwr.o(i.HAL_PWR_EnableSleepOnExit), (16 bytes).
    Removing stm32f1xx_hal_pwr.o(i.HAL_PWR_EnableWakeUpPin), (28 bytes).
    Removing stm32f1xx_hal_pwr.o(i.HAL_PWR_EnterSLEEPMode), (32 bytes).
    Removing stm32f1xx_hal_pwr.o(i.HAL_PWR_EnterSTANDBYMode), (32 bytes).
    Removing stm32f1xx_hal_pwr.o(i.HAL_PWR_EnterSTOPMode), (68 bytes).
    Removing stm32f1xx_hal_pwr.o(i.HAL_PWR_PVDCallback), (2 bytes).
    Removing stm32f1xx_hal_pwr.o(i.HAL_PWR_PVD_IRQHandler), (28 bytes).
    Removing stm32f1xx_hal_pwr.o(i.PWR_OverloadWfe), (6 bytes).
    Removing stm32f1xx_hal_flash.o(.rev16_text), (4 bytes).
    Removing stm32f1xx_hal_flash.o(.revsh_text), (4 bytes).
    Removing stm32f1xx_hal_flash.o(.rrx_text), (6 bytes).
    Removing stm32f1xx_hal_flash.o(i.FLASH_Program_HalfWord), (28 bytes).
    Removing stm32f1xx_hal_flash.o(i.FLASH_SetErrorCode), (92 bytes).
    Removing stm32f1xx_hal_flash.o(i.FLASH_WaitForLastOperation), (84 bytes).
    Removing stm32f1xx_hal_flash.o(i.HAL_FLASH_EndOfOperationCallback), (2 bytes).
    Removing stm32f1xx_hal_flash.o(i.HAL_FLASH_GetError), (12 bytes).
    Removing stm32f1xx_hal_flash.o(i.HAL_FLASH_IRQHandler), (276 bytes).
    Removing stm32f1xx_hal_flash.o(i.HAL_FLASH_Lock), (20 bytes).
    Removing stm32f1xx_hal_flash.o(i.HAL_FLASH_OB_Launch), (4 bytes).
    Removing stm32f1xx_hal_flash.o(i.HAL_FLASH_OB_Lock), (20 bytes).
    Removing stm32f1xx_hal_flash.o(i.HAL_FLASH_OB_Unlock), (36 bytes).
    Removing stm32f1xx_hal_flash.o(i.HAL_FLASH_OperationErrorCallback), (2 bytes).
    Removing stm32f1xx_hal_flash.o(i.HAL_FLASH_Program), (140 bytes).
    Removing stm32f1xx_hal_flash.o(i.HAL_FLASH_Program_IT), (100 bytes).
    Removing stm32f1xx_hal_flash.o(i.HAL_FLASH_Unlock), (40 bytes).
    Removing stm32f1xx_hal_flash.o(.bss), (32 bytes).
    Removing stm32f1xx_hal_flash_ex.o(.rev16_text), (4 bytes).
    Removing stm32f1xx_hal_flash_ex.o(.revsh_text), (4 bytes).
    Removing stm32f1xx_hal_flash_ex.o(.rrx_text), (6 bytes).
    Removing stm32f1xx_hal_flash_ex.o(i.FLASH_MassErase), (36 bytes).
    Removing stm32f1xx_hal_flash_ex.o(i.FLASH_OB_DisableWRP), (180 bytes).
    Removing stm32f1xx_hal_flash_ex.o(i.FLASH_OB_EnableWRP), (180 bytes).
    Removing stm32f1xx_hal_flash_ex.o(i.FLASH_OB_GetRDP), (24 bytes).
    Removing stm32f1xx_hal_flash_ex.o(i.FLASH_OB_GetUser), (16 bytes).
    Removing stm32f1xx_hal_flash_ex.o(i.FLASH_OB_GetWRP), (12 bytes).
    Removing stm32f1xx_hal_flash_ex.o(i.FLASH_OB_ProgramData), (64 bytes).
    Removing stm32f1xx_hal_flash_ex.o(i.FLASH_OB_RDP_LevelConfig), (100 bytes).
    Removing stm32f1xx_hal_flash_ex.o(i.FLASH_OB_UserConfig), (68 bytes).
    Removing stm32f1xx_hal_flash_ex.o(i.FLASH_PageErase), (36 bytes).
    Removing stm32f1xx_hal_flash_ex.o(i.HAL_FLASHEx_Erase), (168 bytes).
    Removing stm32f1xx_hal_flash_ex.o(i.HAL_FLASHEx_Erase_IT), (84 bytes).
    Removing stm32f1xx_hal_flash_ex.o(i.HAL_FLASHEx_OBErase), (84 bytes).
    Removing stm32f1xx_hal_flash_ex.o(i.HAL_FLASHEx_OBGetConfig), (28 bytes).
    Removing stm32f1xx_hal_flash_ex.o(i.HAL_FLASHEx_OBGetUserData), (32 bytes).
    Removing stm32f1xx_hal_flash_ex.o(i.HAL_FLASHEx_OBProgram), (124 bytes).
    Removing stm32f1xx_hal_exti.o(.rev16_text), (4 bytes).
    Removing stm32f1xx_hal_exti.o(.revsh_text), (4 bytes).
    Removing stm32f1xx_hal_exti.o(.rrx_text), (6 bytes).
    Removing stm32f1xx_hal_exti.o(i.HAL_EXTI_ClearConfigLine), (108 bytes).
    Removing stm32f1xx_hal_exti.o(i.HAL_EXTI_ClearPending), (20 bytes).
    Removing stm32f1xx_hal_exti.o(i.HAL_EXTI_GenerateSWI), (20 bytes).
    Removing stm32f1xx_hal_exti.o(i.HAL_EXTI_GetConfigLine), (148 bytes).
    Removing stm32f1xx_hal_exti.o(i.HAL_EXTI_GetHandle), (14 bytes).
    Removing stm32f1xx_hal_exti.o(i.HAL_EXTI_GetPending), (24 bytes).
    Removing stm32f1xx_hal_exti.o(i.HAL_EXTI_IRQHandler), (36 bytes).
    Removing stm32f1xx_hal_exti.o(i.HAL_EXTI_RegisterCallback), (16 bytes).
    Removing stm32f1xx_hal_exti.o(i.HAL_EXTI_SetConfigLine), (180 bytes).
    Removing stm32f1xx_hal_tim.o(.rev16_text), (4 bytes).
    Removing stm32f1xx_hal_tim.o(.revsh_text), (4 bytes).
    Removing stm32f1xx_hal_tim.o(.rrx_text), (6 bytes).
    Removing stm32f1xx_hal_tim.o(i.HAL_TIM_Base_DeInit), (72 bytes).
    Removing stm32f1xx_hal_tim.o(i.HAL_TIM_Base_GetState), (6 bytes).
    Removing stm32f1xx_hal_tim.o(i.HAL_TIM_Base_MspDeInit), (2 bytes).
    Removing stm32f1xx_hal_tim.o(i.HAL_TIM_Base_Start), (100 bytes).
    Removing stm32f1xx_hal_tim.o(i.HAL_TIM_Base_Start_DMA), (180 bytes).
    Removing stm32f1xx_hal_tim.o(i.HAL_TIM_Base_Stop), (38 bytes).
    Removing stm32f1xx_hal_tim.o(i.HAL_TIM_Base_Stop_DMA), (58 bytes).
    Removing stm32f1xx_hal_tim.o(i.HAL_TIM_Base_Stop_IT), (48 bytes).
    Removing stm32f1xx_hal_tim.o(i.HAL_TIM_ConfigClockSource), (226 bytes).
    Removing stm32f1xx_hal_tim.o(i.HAL_TIM_ConfigOCrefClear), (226 bytes).
    Removing stm32f1xx_hal_tim.o(i.HAL_TIM_ConfigTI1Input), (16 bytes).
    Removing stm32f1xx_hal_tim.o(i.HAL_TIM_DMABurstState), (6 bytes).
    Removing stm32f1xx_hal_tim.o(i.HAL_TIM_DMABurst_MultiReadStart), (424 bytes).
    Removing stm32f1xx_hal_tim.o(i.HAL_TIM_DMABurst_MultiWriteStart), (424 bytes).
    Removing stm32f1xx_hal_tim.o(i.HAL_TIM_DMABurst_ReadStart), (18 bytes).
    Removing stm32f1xx_hal_tim.o(i.HAL_TIM_DMABurst_ReadStop), (126 bytes).
    Removing stm32f1xx_hal_tim.o(i.HAL_TIM_DMABurst_WriteStart), (18 bytes).
    Removing stm32f1xx_hal_tim.o(i.HAL_TIM_DMABurst_WriteStop), (126 bytes).
    Removing stm32f1xx_hal_tim.o(i.HAL_TIM_Encoder_DeInit), (64 bytes).
    Removing stm32f1xx_hal_tim.o(i.HAL_TIM_Encoder_GetState), (6 bytes).
    Removing stm32f1xx_hal_tim.o(i.HAL_TIM_Encoder_Init), (176 bytes).
    Removing stm32f1xx_hal_tim.o(i.HAL_TIM_Encoder_MspDeInit), (2 bytes).
    Removing stm32f1xx_hal_tim.o(i.HAL_TIM_Encoder_MspInit), (2 bytes).
    Removing stm32f1xx_hal_tim.o(i.HAL_TIM_Encoder_Start), (168 bytes).
    Removing stm32f1xx_hal_tim.o(i.HAL_TIM_Encoder_Start_DMA), (500 bytes).
    Removing stm32f1xx_hal_tim.o(i.HAL_TIM_Encoder_Start_IT), (208 bytes).
    Removing stm32f1xx_hal_tim.o(i.HAL_TIM_Encoder_Stop), (170 bytes).
    Removing stm32f1xx_hal_tim.o(i.HAL_TIM_Encoder_Stop_DMA), (234 bytes).
    Removing stm32f1xx_hal_tim.o(i.HAL_TIM_Encoder_Stop_IT), (210 bytes).
    Removing stm32f1xx_hal_tim.o(i.HAL_TIM_ErrorCallback), (2 bytes).
    Removing stm32f1xx_hal_tim.o(i.HAL_TIM_GenerateEvent), (38 bytes).
    Removing stm32f1xx_hal_tim.o(i.HAL_TIM_GetActiveChannel), (4 bytes).
    Removing stm32f1xx_hal_tim.o(i.HAL_TIM_GetChannelState), (36 bytes).
    Removing stm32f1xx_hal_tim.o(i.HAL_TIM_IC_CaptureHalfCpltCallback), (2 bytes).
    Removing stm32f1xx_hal_tim.o(i.HAL_TIM_IC_ConfigChannel), (180 bytes).
    Removing stm32f1xx_hal_tim.o(i.HAL_TIM_IC_DeInit), (72 bytes).
    Removing stm32f1xx_hal_tim.o(i.HAL_TIM_IC_GetState), (6 bytes).
    Removing stm32f1xx_hal_tim.o(i.HAL_TIM_IC_Init), (74 bytes).
    Removing stm32f1xx_hal_tim.o(i.HAL_TIM_IC_MspDeInit), (2 bytes).
    Removing stm32f1xx_hal_tim.o(i.HAL_TIM_IC_MspInit), (2 bytes).
    Removing stm32f1xx_hal_tim.o(i.HAL_TIM_IC_Start), (240 bytes).
    Removing stm32f1xx_hal_tim.o(i.HAL_TIM_IC_Start_DMA), (480 bytes).
    Removing stm32f1xx_hal_tim.o(i.HAL_TIM_IC_Start_IT), (300 bytes).
    Removing stm32f1xx_hal_tim.o(i.HAL_TIM_IC_Stop), (114 bytes).
    Removing stm32f1xx_hal_tim.o(i.HAL_TIM_IC_Stop_DMA), (200 bytes).
    Removing stm32f1xx_hal_tim.o(i.HAL_TIM_IC_Stop_IT), (172 bytes).
    Removing stm32f1xx_hal_tim.o(i.HAL_TIM_OC_ConfigChannel), (76 bytes).
    Removing stm32f1xx_hal_tim.o(i.HAL_TIM_OC_DeInit), (72 bytes).
    Removing stm32f1xx_hal_tim.o(i.HAL_TIM_OC_GetState), (6 bytes).
    Removing stm32f1xx_hal_tim.o(i.HAL_TIM_OC_Init), (74 bytes).
    Removing stm32f1xx_hal_tim.o(i.HAL_TIM_OC_MspDeInit), (2 bytes).
    Removing stm32f1xx_hal_tim.o(i.HAL_TIM_OC_MspInit), (2 bytes).
    Removing stm32f1xx_hal_tim.o(i.HAL_TIM_OC_Start), (184 bytes).
    Removing stm32f1xx_hal_tim.o(i.HAL_TIM_OC_Start_DMA), (432 bytes).
    Removing stm32f1xx_hal_tim.o(i.HAL_TIM_OC_Start_IT), (244 bytes).
    Removing stm32f1xx_hal_tim.o(i.HAL_TIM_OC_Stop), (116 bytes).
    Removing stm32f1xx_hal_tim.o(i.HAL_TIM_OC_Stop_DMA), (196 bytes).
    Removing stm32f1xx_hal_tim.o(i.HAL_TIM_OC_Stop_IT), (172 bytes).
    Removing stm32f1xx_hal_tim.o(i.HAL_TIM_OnePulse_ConfigChannel), (234 bytes).
    Removing stm32f1xx_hal_tim.o(i.HAL_TIM_OnePulse_DeInit), (64 bytes).
    Removing stm32f1xx_hal_tim.o(i.HAL_TIM_OnePulse_GetState), (6 bytes).
    Removing stm32f1xx_hal_tim.o(i.HAL_TIM_OnePulse_Init), (90 bytes).
    Removing stm32f1xx_hal_tim.o(i.HAL_TIM_OnePulse_MspDeInit), (2 bytes).
    Removing stm32f1xx_hal_tim.o(i.HAL_TIM_OnePulse_MspInit), (2 bytes).
    Removing stm32f1xx_hal_tim.o(i.HAL_TIM_OnePulse_Start), (100 bytes).
    Removing stm32f1xx_hal_tim.o(i.HAL_TIM_OnePulse_Start_IT), (120 bytes).
    Removing stm32f1xx_hal_tim.o(i.HAL_TIM_OnePulse_Stop), (100 bytes).
    Removing stm32f1xx_hal_tim.o(i.HAL_TIM_OnePulse_Stop_IT), (120 bytes).
    Removing stm32f1xx_hal_tim.o(i.HAL_TIM_PWM_ConfigChannel), (210 bytes).
    Removing stm32f1xx_hal_tim.o(i.HAL_TIM_PWM_DeInit), (72 bytes).
    Removing stm32f1xx_hal_tim.o(i.HAL_TIM_PWM_GetState), (6 bytes).
    Removing stm32f1xx_hal_tim.o(i.HAL_TIM_PWM_Init), (74 bytes).
    Removing stm32f1xx_hal_tim.o(i.HAL_TIM_PWM_MspDeInit), (2 bytes).
    Removing stm32f1xx_hal_tim.o(i.HAL_TIM_PWM_MspInit), (2 bytes).
    Removing stm32f1xx_hal_tim.o(i.HAL_TIM_PWM_PulseFinishedHalfCpltCallback), (2 bytes).
    Removing stm32f1xx_hal_tim.o(i.HAL_TIM_PWM_Start), (184 bytes).
    Removing stm32f1xx_hal_tim.o(i.HAL_TIM_PWM_Start_DMA), (432 bytes).
    Removing stm32f1xx_hal_tim.o(i.HAL_TIM_PWM_Start_IT), (244 bytes).
    Removing stm32f1xx_hal_tim.o(i.HAL_TIM_PWM_Stop), (116 bytes).
    Removing stm32f1xx_hal_tim.o(i.HAL_TIM_PWM_Stop_DMA), (196 bytes).
    Removing stm32f1xx_hal_tim.o(i.HAL_TIM_PWM_Stop_IT), (172 bytes).
    Removing stm32f1xx_hal_tim.o(i.HAL_TIM_PeriodElapsedCallback), (2 bytes).
    Removing stm32f1xx_hal_tim.o(i.HAL_TIM_PeriodElapsedHalfCpltCallback), (2 bytes).
    Removing stm32f1xx_hal_tim.o(i.HAL_TIM_ReadCapturedValue), (44 bytes).
    Removing stm32f1xx_hal_tim.o(i.HAL_TIM_SlaveConfigSynchro), (80 bytes).
    Removing stm32f1xx_hal_tim.o(i.HAL_TIM_SlaveConfigSynchro_IT), (80 bytes).
    Removing stm32f1xx_hal_tim.o(i.HAL_TIM_TriggerHalfCpltCallback), (2 bytes).
    Removing stm32f1xx_hal_tim.o(i.TIM_CCxChannelCmd), (26 bytes).
    Removing stm32f1xx_hal_tim.o(i.TIM_DMACaptureCplt), (110 bytes).
    Removing stm32f1xx_hal_tim.o(i.TIM_DMACaptureHalfCplt), (62 bytes).
    Removing stm32f1xx_hal_tim.o(i.TIM_DMADelayPulseCplt), (94 bytes).
    Removing stm32f1xx_hal_tim.o(i.TIM_DMADelayPulseHalfCplt), (62 bytes).
    Removing stm32f1xx_hal_tim.o(i.TIM_DMAError), (84 bytes).
    Removing stm32f1xx_hal_tim.o(i.TIM_DMAPeriodElapsedCplt), (24 bytes).
    Removing stm32f1xx_hal_tim.o(i.TIM_DMAPeriodElapsedHalfCplt), (10 bytes).
    Removing stm32f1xx_hal_tim.o(i.TIM_DMATriggerCplt), (24 bytes).
    Removing stm32f1xx_hal_tim.o(i.TIM_DMATriggerHalfCplt), (10 bytes).
    Removing stm32f1xx_hal_tim.o(i.TIM_ETR_SetConfig), (20 bytes).
    Removing stm32f1xx_hal_tim.o(i.TIM_ITRx_SetConfig), (16 bytes).
    Removing stm32f1xx_hal_tim.o(i.TIM_OC1_SetConfig), (96 bytes).
    Removing stm32f1xx_hal_tim.o(i.TIM_OC2_SetConfig), (100 bytes).
    Removing stm32f1xx_hal_tim.o(i.TIM_OC3_SetConfig), (96 bytes).
    Removing stm32f1xx_hal_tim.o(i.TIM_OC4_SetConfig), (72 bytes).
    Removing stm32f1xx_hal_tim.o(i.TIM_SlaveTimer_SetConfig), (134 bytes).
    Removing stm32f1xx_hal_tim.o(i.TIM_TI1_ConfigInputStage), (34 bytes).
    Removing stm32f1xx_hal_tim.o(i.TIM_TI1_SetConfig), (100 bytes).
    Removing stm32f1xx_hal_tim.o(i.TIM_TI2_ConfigInputStage), (36 bytes).
    Removing stm32f1xx_hal_tim.o(i.TIM_TI2_SetConfig), (54 bytes).
    Removing stm32f1xx_hal_tim.o(i.TIM_TI3_SetConfig), (50 bytes).
    Removing stm32f1xx_hal_tim.o(i.TIM_TI4_SetConfig), (56 bytes).
    Removing stm32f1xx_hal_tim_ex.o(.rev16_text), (4 bytes).
    Removing stm32f1xx_hal_tim_ex.o(.revsh_text), (4 bytes).
    Removing stm32f1xx_hal_tim_ex.o(.rrx_text), (6 bytes).
    Removing stm32f1xx_hal_tim_ex.o(i.HAL_TIMEx_CommutHalfCpltCallback), (2 bytes).
    Removing stm32f1xx_hal_tim_ex.o(i.HAL_TIMEx_ConfigBreakDeadTime), (84 bytes).
    Removing stm32f1xx_hal_tim_ex.o(i.HAL_TIMEx_ConfigCommutEvent), (112 bytes).
    Removing stm32f1xx_hal_tim_ex.o(i.HAL_TIMEx_ConfigCommutEvent_DMA), (144 bytes).
    Removing stm32f1xx_hal_tim_ex.o(i.HAL_TIMEx_ConfigCommutEvent_IT), (112 bytes).
    Removing stm32f1xx_hal_tim_ex.o(i.HAL_TIMEx_GetChannelNState), (36 bytes).
    Removing stm32f1xx_hal_tim_ex.o(i.HAL_TIMEx_HallSensor_DeInit), (64 bytes).
    Removing stm32f1xx_hal_tim_ex.o(i.HAL_TIMEx_HallSensor_GetState), (6 bytes).
    Removing stm32f1xx_hal_tim_ex.o(i.HAL_TIMEx_HallSensor_Init), (210 bytes).
    Removing stm32f1xx_hal_tim_ex.o(i.HAL_TIMEx_HallSensor_MspDeInit), (2 bytes).
    Removing stm32f1xx_hal_tim_ex.o(i.HAL_TIMEx_HallSensor_MspInit), (2 bytes).
    Removing stm32f1xx_hal_tim_ex.o(i.HAL_TIMEx_HallSensor_Start), (144 bytes).
    Removing stm32f1xx_hal_tim_ex.o(i.HAL_TIMEx_HallSensor_Start_DMA), (212 bytes).
    Removing stm32f1xx_hal_tim_ex.o(i.HAL_TIMEx_HallSensor_Start_IT), (156 bytes).
    Removing stm32f1xx_hal_tim_ex.o(i.HAL_TIMEx_HallSensor_Stop), (58 bytes).
    Removing stm32f1xx_hal_tim_ex.o(i.HAL_TIMEx_HallSensor_Stop_DMA), (70 bytes).
    Removing stm32f1xx_hal_tim_ex.o(i.HAL_TIMEx_HallSensor_Stop_IT), (68 bytes).
    Removing stm32f1xx_hal_tim_ex.o(i.HAL_TIMEx_MasterConfigSynchronization), (112 bytes).
    Removing stm32f1xx_hal_tim_ex.o(i.HAL_TIMEx_OCN_Start), (180 bytes).
    Removing stm32f1xx_hal_tim_ex.o(i.HAL_TIMEx_OCN_Start_DMA), (384 bytes).
    Removing stm32f1xx_hal_tim_ex.o(i.HAL_TIMEx_OCN_Start_IT), (236 bytes).
    Removing stm32f1xx_hal_tim_ex.o(i.HAL_TIMEx_OCN_Stop), (106 bytes).
    Removing stm32f1xx_hal_tim_ex.o(i.HAL_TIMEx_OCN_Stop_DMA), (168 bytes).
    Removing stm32f1xx_hal_tim_ex.o(i.HAL_TIMEx_OCN_Stop_IT), (166 bytes).
    Removing stm32f1xx_hal_tim_ex.o(i.HAL_TIMEx_OnePulseN_Start), (98 bytes).
    Removing stm32f1xx_hal_tim_ex.o(i.HAL_TIMEx_OnePulseN_Start_IT), (118 bytes).
    Removing stm32f1xx_hal_tim_ex.o(i.HAL_TIMEx_OnePulseN_Stop), (100 bytes).
    Removing stm32f1xx_hal_tim_ex.o(i.HAL_TIMEx_OnePulseN_Stop_IT), (120 bytes).
    Removing stm32f1xx_hal_tim_ex.o(i.HAL_TIMEx_PWMN_Start), (180 bytes).
    Removing stm32f1xx_hal_tim_ex.o(i.HAL_TIMEx_PWMN_Start_DMA), (384 bytes).
    Removing stm32f1xx_hal_tim_ex.o(i.HAL_TIMEx_PWMN_Start_IT), (236 bytes).
    Removing stm32f1xx_hal_tim_ex.o(i.HAL_TIMEx_PWMN_Stop), (106 bytes).
    Removing stm32f1xx_hal_tim_ex.o(i.HAL_TIMEx_PWMN_Stop_DMA), (168 bytes).
    Removing stm32f1xx_hal_tim_ex.o(i.HAL_TIMEx_PWMN_Stop_IT), (166 bytes).
    Removing stm32f1xx_hal_tim_ex.o(i.HAL_TIMEx_RemapConfig), (4 bytes).
    Removing stm32f1xx_hal_tim_ex.o(i.TIMEx_DMACommutationCplt), (16 bytes).
    Removing stm32f1xx_hal_tim_ex.o(i.TIMEx_DMACommutationHalfCplt), (16 bytes).
    Removing stm32f1xx_hal_tim_ex.o(i.TIM_CCxNChannelCmd), (26 bytes).
    Removing stm32f1xx_hal_tim_ex.o(i.TIM_DMADelayPulseNCplt), (94 bytes).
    Removing stm32f1xx_hal_tim_ex.o(i.TIM_DMAErrorCCxN), (62 bytes).
    Removing system_stm32f1xx.o(.rev16_text), (4 bytes).
    Removing system_stm32f1xx.o(.revsh_text), (4 bytes).
    Removing system_stm32f1xx.o(.rrx_text), (6 bytes).
    Removing system_stm32f1xx.o(i.SystemCoreClockUpdate), (172 bytes).
    Removing modbustcp.o(.rev16_text), (4 bytes).
    Removing modbustcp.o(.revsh_text), (4 bytes).
    Removing modbustcp.o(.rrx_text), (6 bytes).
    Removing ch395cmd.o(.rev16_text), (4 bytes).
    Removing ch395cmd.o(.revsh_text), (4 bytes).
    Removing ch395cmd.o(.rrx_text), (6 bytes).
    Removing ch395cmd.o(i.CH395CMDGetGlobIntStatus), (44 bytes).
    Removing ch395cmd.o(i.CH395CMDGetMACAddr), (58 bytes).
    Removing ch395cmd.o(i.CH395CMDGetSocketStatus), (64 bytes).
    Removing ch395cmd.o(i.CH395CMDGetUnreachIPPT), (58 bytes).
    Removing ch395cmd.o(i.CH395CMDGetVer), (44 bytes).
    Removing ch395cmd.o(i.CH395CMDReset), (36 bytes).
    Removing ch395cmd.o(i.CH395CMDSetMACAddr), (64 bytes).
    Removing ch395cmd.o(i.CH395CMDSetMACFilt), (122 bytes).
    Removing ch395cmd.o(i.CH395CMDSetPHY), (46 bytes).
    Removing ch395cmd.o(i.CH395CMDSetRetryCount), (46 bytes).
    Removing ch395cmd.o(i.CH395CMDSetRetryPeriod), (56 bytes).
    Removing ch395cmd.o(i.CH395CMDSleep), (36 bytes).
    Removing ch395cmd.o(i.CH395CRCRet6Bit), (56 bytes).
    Removing ch395cmd.o(i.CH395ClearRecvBuf), (46 bytes).
    Removing ch395cmd.o(i.CH395DHCPEnable), (74 bytes).
    Removing ch395cmd.o(i.CH395EEPROMErase), (50 bytes).
    Removing ch395cmd.o(i.CH395EEPROMRead), (92 bytes).
    Removing ch395cmd.o(i.CH395EEPROMWrite), (102 bytes).
    Removing ch395cmd.o(i.CH395EnablePing), (46 bytes).
    Removing ch395cmd.o(i.CH395GetDHCPStatus), (44 bytes).
    Removing ch395cmd.o(i.CH395GetIPInf), (58 bytes).
    Removing ch395cmd.o(i.CH395KeepLiveCNT), (46 bytes).
    Removing ch395cmd.o(i.CH395KeepLiveIDLE), (74 bytes).
    Removing ch395cmd.o(i.CH395KeepLiveINTVL), (74 bytes).
    Removing ch395cmd.o(i.CH395ReadGPIOAddr), (60 bytes).
    Removing ch395cmd.o(i.CH395SetKeepLive), (56 bytes).
    Removing ch395cmd.o(i.CH395SetSocketDesIP), (78 bytes).
    Removing ch395cmd.o(i.CH395SetSocketDesPort), (64 bytes).
    Removing ch395cmd.o(i.CH395SetSocketIPRAWProto), (54 bytes).
    Removing ch395cmd.o(i.CH395SetStartPara), (74 bytes).
    Removing ch395cmd.o(i.CH395SetTCPMss), (54 bytes).
    Removing ch395cmd.o(i.CH395SetTTLNum), (56 bytes).
    Removing ch395cmd.o(i.CH395TCPConnect), (74 bytes).
    Removing ch395cmd.o(i.CH395TCPDisconnect), (74 bytes).
    Removing ch395cmd.o(i.CH395UDPSendTo), (64 bytes).
    Removing ch395cmd.o(i.CH395WriteGPIOAddr), (56 bytes).
    Removing ch395cmd.o(i.CH395_SocketIRQReceive_CallBack), (2 bytes).
    Removing ch395spi_hw.o(.rev16_text), (4 bytes).
    Removing ch395spi_hw.o(.revsh_text), (4 bytes).
    Removing ch395spi_hw.o(.rrx_text), (6 bytes).

444 unused section(s) (total 32900 bytes) removed from the image.

==============================================================================

Image Symbol Table

    Local Symbols

    Symbol Name                              Value     Ov Type        Size  Object(Section)

    ../Drivers/STM32F1xx_HAL_Driver/Src/stm32f1xx_hal.c 0x00000000   Number         0  stm32f1xx_hal.o ABSOLUTE
    ../Drivers/STM32F1xx_HAL_Driver/Src/stm32f1xx_hal_cortex.c 0x00000000   Number         0  stm32f1xx_hal_cortex.o ABSOLUTE
    ../Drivers/STM32F1xx_HAL_Driver/Src/stm32f1xx_hal_dma.c 0x00000000   Number         0  stm32f1xx_hal_dma.o ABSOLUTE
    ../Drivers/STM32F1xx_HAL_Driver/Src/stm32f1xx_hal_exti.c 0x00000000   Number         0  stm32f1xx_hal_exti.o ABSOLUTE
    ../Drivers/STM32F1xx_HAL_Driver/Src/stm32f1xx_hal_flash.c 0x00000000   Number         0  stm32f1xx_hal_flash.o ABSOLUTE
    ../Drivers/STM32F1xx_HAL_Driver/Src/stm32f1xx_hal_flash_ex.c 0x00000000   Number         0  stm32f1xx_hal_flash_ex.o ABSOLUTE
    ../Drivers/STM32F1xx_HAL_Driver/Src/stm32f1xx_hal_gpio.c 0x00000000   Number         0  stm32f1xx_hal_gpio.o ABSOLUTE
    ../Drivers/STM32F1xx_HAL_Driver/Src/stm32f1xx_hal_gpio_ex.c 0x00000000   Number         0  stm32f1xx_hal_gpio_ex.o ABSOLUTE
    ../Drivers/STM32F1xx_HAL_Driver/Src/stm32f1xx_hal_pwr.c 0x00000000   Number         0  stm32f1xx_hal_pwr.o ABSOLUTE
    ../Drivers/STM32F1xx_HAL_Driver/Src/stm32f1xx_hal_rcc.c 0x00000000   Number         0  stm32f1xx_hal_rcc.o ABSOLUTE
    ../Drivers/STM32F1xx_HAL_Driver/Src/stm32f1xx_hal_rcc_ex.c 0x00000000   Number         0  stm32f1xx_hal_rcc_ex.o ABSOLUTE
    ../Drivers/STM32F1xx_HAL_Driver/Src/stm32f1xx_hal_spi.c 0x00000000   Number         0  stm32f1xx_hal_spi.o ABSOLUTE
    ../Drivers/STM32F1xx_HAL_Driver/Src/stm32f1xx_hal_tim.c 0x00000000   Number         0  stm32f1xx_hal_tim.o ABSOLUTE
    ../Drivers/STM32F1xx_HAL_Driver/Src/stm32f1xx_hal_tim_ex.c 0x00000000   Number         0  stm32f1xx_hal_tim_ex.o ABSOLUTE
    ../Src/gpio.c                            0x00000000   Number         0  gpio.o ABSOLUTE
    ../Src/main.c                            0x00000000   Number         0  main.o ABSOLUTE
    ../Src/spi.c                             0x00000000   Number         0  spi.o ABSOLUTE
    ../Src/stm32f1xx_hal_msp.c               0x00000000   Number         0  stm32f1xx_hal_msp.o ABSOLUTE
    ../Src/stm32f1xx_hal_timebase_tim.c      0x00000000   Number         0  stm32f1xx_hal_timebase_tim.o ABSOLUTE
    ../Src/stm32f1xx_it.c                    0x00000000   Number         0  stm32f1xx_it.o ABSOLUTE
    ../Src/system_stm32f1xx.c                0x00000000   Number         0  system_stm32f1xx.o ABSOLUTE
    ../clib/microlib/division.c              0x00000000   Number         0  uldiv.o ABSOLUTE
    ../clib/microlib/init/entry.s            0x00000000   Number         0  entry5.o ABSOLUTE
    ../clib/microlib/init/entry.s            0x00000000   Number         0  entry12a.o ABSOLUTE
    ../clib/microlib/init/entry.s            0x00000000   Number         0  entry.o ABSOLUTE
    ../clib/microlib/init/entry.s            0x00000000   Number         0  entry11b.o ABSOLUTE
    ../clib/microlib/init/entry.s            0x00000000   Number         0  entry11a.o ABSOLUTE
    ../clib/microlib/init/entry.s            0x00000000   Number         0  entry12b.o ABSOLUTE
    ../clib/microlib/init/entry.s            0x00000000   Number         0  entry10b.o ABSOLUTE
    ../clib/microlib/init/entry.s            0x00000000   Number         0  entry7a.o ABSOLUTE
    ../clib/microlib/init/entry.s            0x00000000   Number         0  entry10a.o ABSOLUTE
    ../clib/microlib/init/entry.s            0x00000000   Number         0  entry9a.o ABSOLUTE
    ../clib/microlib/init/entry.s            0x00000000   Number         0  entry8b.o ABSOLUTE
    ../clib/microlib/init/entry.s            0x00000000   Number         0  entry8a.o ABSOLUTE
    ../clib/microlib/init/entry.s            0x00000000   Number         0  entry7b.o ABSOLUTE
    ../clib/microlib/init/entry.s            0x00000000   Number         0  entry2.o ABSOLUTE
    ../clib/microlib/init/entry.s            0x00000000   Number         0  entry9b.o ABSOLUTE
    ../clib/microlib/longlong.c              0x00000000   Number         0  llshl.o ABSOLUTE
    ../clib/microlib/longlong.c              0x00000000   Number         0  llushr.o ABSOLUTE
    ../clib/microlib/string/memset.c         0x00000000   Number         0  memseta.o ABSOLUTE
    ..\Drivers\STM32F1xx_HAL_Driver\Src\stm32f1xx_hal.c 0x00000000   Number         0  stm32f1xx_hal.o ABSOLUTE
    ..\Drivers\STM32F1xx_HAL_Driver\Src\stm32f1xx_hal_cortex.c 0x00000000   Number         0  stm32f1xx_hal_cortex.o ABSOLUTE
    ..\Drivers\STM32F1xx_HAL_Driver\Src\stm32f1xx_hal_dma.c 0x00000000   Number         0  stm32f1xx_hal_dma.o ABSOLUTE
    ..\Drivers\STM32F1xx_HAL_Driver\Src\stm32f1xx_hal_exti.c 0x00000000   Number         0  stm32f1xx_hal_exti.o ABSOLUTE
    ..\Drivers\STM32F1xx_HAL_Driver\Src\stm32f1xx_hal_flash.c 0x00000000   Number         0  stm32f1xx_hal_flash.o ABSOLUTE
    ..\Drivers\STM32F1xx_HAL_Driver\Src\stm32f1xx_hal_flash_ex.c 0x00000000   Number         0  stm32f1xx_hal_flash_ex.o ABSOLUTE
    ..\Drivers\STM32F1xx_HAL_Driver\Src\stm32f1xx_hal_gpio.c 0x00000000   Number         0  stm32f1xx_hal_gpio.o ABSOLUTE
    ..\Drivers\STM32F1xx_HAL_Driver\Src\stm32f1xx_hal_gpio_ex.c 0x00000000   Number         0  stm32f1xx_hal_gpio_ex.o ABSOLUTE
    ..\Drivers\STM32F1xx_HAL_Driver\Src\stm32f1xx_hal_pwr.c 0x00000000   Number         0  stm32f1xx_hal_pwr.o ABSOLUTE
    ..\Drivers\STM32F1xx_HAL_Driver\Src\stm32f1xx_hal_rcc.c 0x00000000   Number         0  stm32f1xx_hal_rcc.o ABSOLUTE
    ..\Drivers\STM32F1xx_HAL_Driver\Src\stm32f1xx_hal_rcc_ex.c 0x00000000   Number         0  stm32f1xx_hal_rcc_ex.o ABSOLUTE
    ..\Drivers\STM32F1xx_HAL_Driver\Src\stm32f1xx_hal_spi.c 0x00000000   Number         0  stm32f1xx_hal_spi.o ABSOLUTE
    ..\Drivers\STM32F1xx_HAL_Driver\Src\stm32f1xx_hal_tim.c 0x00000000   Number         0  stm32f1xx_hal_tim.o ABSOLUTE
    ..\Drivers\STM32F1xx_HAL_Driver\Src\stm32f1xx_hal_tim_ex.c 0x00000000   Number         0  stm32f1xx_hal_tim_ex.o ABSOLUTE
    ..\Src\gpio.c                            0x00000000   Number         0  gpio.o ABSOLUTE
    ..\Src\main.c                            0x00000000   Number         0  main.o ABSOLUTE
    ..\Src\spi.c                             0x00000000   Number         0  spi.o ABSOLUTE
    ..\Src\stm32f1xx_hal_msp.c               0x00000000   Number         0  stm32f1xx_hal_msp.o ABSOLUTE
    ..\Src\stm32f1xx_hal_timebase_tim.c      0x00000000   Number         0  stm32f1xx_hal_timebase_tim.o ABSOLUTE
    ..\Src\stm32f1xx_it.c                    0x00000000   Number         0  stm32f1xx_it.o ABSOLUTE
    ..\Src\system_stm32f1xx.c                0x00000000   Number         0  system_stm32f1xx.o ABSOLUTE
    ..\\user_bsp\\ch395\\CH395CMD.C          0x00000000   Number         0  ch395cmd.o ABSOLUTE
    ..\\user_bsp\\ch395\\CH395SPI_HW.C       0x00000000   Number         0  ch395spi_hw.o ABSOLUTE
    ..\\user_bsp\\modbusTCP\\modbusTCP.c     0x00000000   Number         0  modbustcp.o ABSOLUTE
    ..\user_bsp\ch395\CH395CMD.C             0x00000000   Number         0  ch395cmd.o ABSOLUTE
    ..\user_bsp\ch395\CH395SPI_HW.C          0x00000000   Number         0  ch395spi_hw.o ABSOLUTE
    ..\user_bsp\modbusTCP\modbusTCP.c        0x00000000   Number         0  modbustcp.o ABSOLUTE
    dc.s                                     0x00000000   Number         0  dc.o ABSOLUTE
    handlers.s                               0x00000000   Number         0  handlers.o ABSOLUTE
    init.s                                   0x00000000   Number         0  init.o ABSOLUTE
    startup_stm32f107xc.s                    0x00000000   Number         0  startup_stm32f107xc.o ABSOLUTE
    RESET                                    0x08000000   Section      336  startup_stm32f107xc.o(RESET)
    .ARM.Collect$$$$00000000                 0x08000150   Section        0  entry.o(.ARM.Collect$$$$00000000)
    .ARM.Collect$$$$00000001                 0x08000150   Section        4  entry2.o(.ARM.Collect$$$$00000001)
    .ARM.Collect$$$$00000004                 0x08000154   Section        4  entry5.o(.ARM.Collect$$$$00000004)
    .ARM.Collect$$$$00000008                 0x08000158   Section        0  entry7b.o(.ARM.Collect$$$$00000008)
    .ARM.Collect$$$$0000000A                 0x08000158   Section        0  entry8b.o(.ARM.Collect$$$$0000000A)
    .ARM.Collect$$$$0000000B                 0x08000158   Section        8  entry9a.o(.ARM.Collect$$$$0000000B)
    .ARM.Collect$$$$0000000E                 0x08000160   Section        4  entry12b.o(.ARM.Collect$$$$0000000E)
    .ARM.Collect$$$$0000000F                 0x08000164   Section        0  entry10a.o(.ARM.Collect$$$$0000000F)
    .ARM.Collect$$$$00000011                 0x08000164   Section        0  entry11a.o(.ARM.Collect$$$$00000011)
    .ARM.Collect$$$$00002712                 0x08000164   Section        4  entry2.o(.ARM.Collect$$$$00002712)
    __lit__00000000                          0x08000164   Data           4  entry2.o(.ARM.Collect$$$$00002712)
    .text                                    0x08000168   Section       36  startup_stm32f107xc.o(.text)
    .text                                    0x0800018c   Section        0  uldiv.o(.text)
    .text                                    0x080001ee   Section        0  llushr.o(.text)
    .text                                    0x0800020e   Section        0  memseta.o(.text)
    .text                                    0x08000232   Section        0  llshl.o(.text)
    .text                                    0x08000250   Section       36  init.o(.text)
    i.BusFault_Handler                       0x08000274   Section        0  stm32f1xx_it.o(i.BusFault_Handler)
    i.CH395CMDCheckExist                     0x08000276   Section        0  ch395cmd.o(i.CH395CMDCheckExist)
    i.CH395CMDGetGlobIntStatus_ALL           0x080002ac   Section        0  ch395cmd.o(i.CH395CMDGetGlobIntStatus_ALL)
    i.CH395CMDGetPHYStatus                   0x080002ea   Section        0  ch395cmd.o(i.CH395CMDGetPHYStatus)
    i.CH395CMDGetRemoteIPP                   0x08000316   Section        0  ch395cmd.o(i.CH395CMDGetRemoteIPP)
    i.CH395CMDInitCH395                      0x0800035a   Section        0  ch395cmd.o(i.CH395CMDInitCH395)
    i.CH395CMDSetGWIPAddr                    0x0800039a   Section        0  ch395cmd.o(i.CH395CMDSetGWIPAddr)
    i.CH395CMDSetIPAddr                      0x080003d0   Section        0  ch395cmd.o(i.CH395CMDSetIPAddr)
    i.CH395CMDSetMASKAddr                    0x08000408   Section        0  ch395cmd.o(i.CH395CMDSetMASKAddr)
    i.CH395CloseSocket                       0x08000442   Section        0  ch395cmd.o(i.CH395CloseSocket)
    i.CH395GetCmdStatus                      0x0800048c   Section        0  ch395cmd.o(i.CH395GetCmdStatus)
    i.CH395GetRecvData                       0x080004b8   Section        0  ch395cmd.o(i.CH395GetRecvData)
    i.CH395GetRecvLength                     0x08000520   Section        0  ch395cmd.o(i.CH395GetRecvLength)
    i.CH395GetSocketInt                      0x08000562   Section        0  ch395cmd.o(i.CH395GetSocketInt)
    i.CH395OpenSocket                        0x0800059e   Section        0  ch395cmd.o(i.CH395OpenSocket)
    i.CH395SendData                          0x080005e8   Section        0  ch395cmd.o(i.CH395SendData)
    i.CH395SetSocketProtType                 0x08000642   Section        0  ch395cmd.o(i.CH395SetSocketProtType)
    i.CH395SetSocketRecvBuf                  0x08000678   Section        0  ch395cmd.o(i.CH395SetSocketRecvBuf)
    i.CH395SetSocketSendBuf                  0x080006bc   Section        0  ch395cmd.o(i.CH395SetSocketSendBuf)
    i.CH395SetSocketSourPort                 0x08000700   Section        0  ch395cmd.o(i.CH395SetSocketSourPort)
    i.CH395SocketInterrupt                   0x08000740   Section        0  ch395cmd.o(i.CH395SocketInterrupt)
    i.CH395TCPListen                         0x080007fe   Section        0  ch395cmd.o(i.CH395TCPListen)
    i.CH395_Init                             0x08000848   Section        0  ch395cmd.o(i.CH395_Init)
    i.CH395_InitSocketParam                  0x080008a2   Section        0  ch395cmd.o(i.CH395_InitSocketParam)
    i.CH395_Port_Init                        0x080008e2   Section        0  ch395spi_hw.o(i.CH395_Port_Init)
    i.CH395_SocketIRQ                        0x080008ec   Section        0  ch395cmd.o(i.CH395_SocketIRQ)
    i.CH395_SocketIRQReceive_CallBack        0x08000918   Section        0  modbustcp.o(i.CH395_SocketIRQReceive_CallBack)
    i.CH395_SocketIRQTransmit_CallBack       0x08000928   Section        0  ch395cmd.o(i.CH395_SocketIRQTransmit_CallBack)
    i.DebugMon_Handler                       0x0800092a   Section        0  stm32f1xx_it.o(i.DebugMon_Handler)
    i.EXTI4_IRQHandler                       0x0800092c   Section        0  stm32f1xx_it.o(i.EXTI4_IRQHandler)
    i.Error_Handler                          0x08000932   Section        0  main.o(i.Error_Handler)
    i.HAL_Delay                              0x08000938   Section        0  stm32f1xx_hal.o(i.HAL_Delay)
    i.HAL_GPIO_EXTI_Callback                 0x0800095c   Section        0  main.o(i.HAL_GPIO_EXTI_Callback)
    i.HAL_GPIO_EXTI_IRQHandler               0x08000978   Section        0  stm32f1xx_hal_gpio.o(i.HAL_GPIO_EXTI_IRQHandler)
    i.HAL_GPIO_Init                          0x08000990   Section        0  stm32f1xx_hal_gpio.o(i.HAL_GPIO_Init)
    i.HAL_GPIO_WritePin                      0x08000b80   Section        0  stm32f1xx_hal_gpio.o(i.HAL_GPIO_WritePin)
    i.HAL_GetTick                            0x08000b90   Section        0  stm32f1xx_hal.o(i.HAL_GetTick)
    i.HAL_IncTick                            0x08000b9c   Section        0  stm32f1xx_hal.o(i.HAL_IncTick)
    i.HAL_Init                               0x08000bac   Section        0  stm32f1xx_hal.o(i.HAL_Init)
    i.HAL_InitTick                           0x08000bd0   Section        0  stm32f1xx_hal_timebase_tim.o(i.HAL_InitTick)
    i.HAL_MspInit                            0x08000c44   Section        0  stm32f1xx_hal_msp.o(i.HAL_MspInit)
    i.HAL_NVIC_EnableIRQ                     0x08000c80   Section        0  stm32f1xx_hal_cortex.o(i.HAL_NVIC_EnableIRQ)
    i.HAL_NVIC_SetPriority                   0x08000c9c   Section        0  stm32f1xx_hal_cortex.o(i.HAL_NVIC_SetPriority)
    i.HAL_NVIC_SetPriorityGrouping           0x08000cdc   Section        0  stm32f1xx_hal_cortex.o(i.HAL_NVIC_SetPriorityGrouping)
    i.HAL_RCC_ClockConfig                    0x08000d00   Section        0  stm32f1xx_hal_rcc.o(i.HAL_RCC_ClockConfig)
    i.HAL_RCC_GetClockConfig                 0x08000e54   Section        0  stm32f1xx_hal_rcc.o(i.HAL_RCC_GetClockConfig)
    i.HAL_RCC_GetHCLKFreq                    0x08000e90   Section        0  stm32f1xx_hal_rcc.o(i.HAL_RCC_GetHCLKFreq)
    i.HAL_RCC_GetPCLK1Freq                   0x08000e9c   Section        0  stm32f1xx_hal_rcc.o(i.HAL_RCC_GetPCLK1Freq)
    i.HAL_RCC_GetSysClockFreq                0x08000ebc   Section        0  stm32f1xx_hal_rcc.o(i.HAL_RCC_GetSysClockFreq)
    i.HAL_RCC_OscConfig                      0x08000f90   Section        0  stm32f1xx_hal_rcc.o(i.HAL_RCC_OscConfig)
    i.HAL_SPI_Init                           0x080013e4   Section        0  stm32f1xx_hal_spi.o(i.HAL_SPI_Init)
    i.HAL_SPI_MspInit                        0x08001498   Section        0  spi.o(i.HAL_SPI_MspInit)
    i.HAL_SPI_TransmitReceive                0x0800151c   Section        0  stm32f1xx_hal_spi.o(i.HAL_SPI_TransmitReceive)
    i.HAL_TIMEx_BreakCallback                0x08001700   Section        0  stm32f1xx_hal_tim_ex.o(i.HAL_TIMEx_BreakCallback)
    i.HAL_TIMEx_CommutCallback               0x08001702   Section        0  stm32f1xx_hal_tim_ex.o(i.HAL_TIMEx_CommutCallback)
    i.HAL_TIM_Base_Init                      0x08001704   Section        0  stm32f1xx_hal_tim.o(i.HAL_TIM_Base_Init)
    i.HAL_TIM_Base_MspInit                   0x0800174e   Section        0  stm32f1xx_hal_tim.o(i.HAL_TIM_Base_MspInit)
    i.HAL_TIM_Base_Start_IT                  0x08001750   Section        0  stm32f1xx_hal_tim.o(i.HAL_TIM_Base_Start_IT)
    i.HAL_TIM_IC_CaptureCallback             0x080017bc   Section        0  stm32f1xx_hal_tim.o(i.HAL_TIM_IC_CaptureCallback)
    i.HAL_TIM_IRQHandler                     0x080017be   Section        0  stm32f1xx_hal_tim.o(i.HAL_TIM_IRQHandler)
    i.HAL_TIM_OC_DelayElapsedCallback        0x0800192c   Section        0  stm32f1xx_hal_tim.o(i.HAL_TIM_OC_DelayElapsedCallback)
    i.HAL_TIM_PWM_PulseFinishedCallback      0x0800192e   Section        0  stm32f1xx_hal_tim.o(i.HAL_TIM_PWM_PulseFinishedCallback)
    i.HAL_TIM_PeriodElapsedCallback          0x08001930   Section        0  main.o(i.HAL_TIM_PeriodElapsedCallback)
    i.HAL_TIM_TriggerCallback                0x08001944   Section        0  stm32f1xx_hal_tim.o(i.HAL_TIM_TriggerCallback)
    i.HardFault_Handler                      0x08001946   Section        0  stm32f1xx_it.o(i.HardFault_Handler)
    i.MB_Parse_Data                          0x08001948   Section        0  modbustcp.o(i.MB_Parse_Data)
    i.MB_TCP_RSP                             0x080019b4   Section        0  modbustcp.o(i.MB_TCP_RSP)
    i.MX_GPIO_Init                           0x08001a10   Section        0  gpio.o(i.MX_GPIO_Init)
    i.MX_SPI3_Init                           0x08001a9c   Section        0  spi.o(i.MX_SPI3_Init)
    i.MemManage_Handler                      0x08001ae4   Section        0  stm32f1xx_it.o(i.MemManage_Handler)
    i.NMI_Handler                            0x08001ae6   Section        0  stm32f1xx_it.o(i.NMI_Handler)
    i.PendSV_Handler                         0x08001ae8   Section        0  stm32f1xx_it.o(i.PendSV_Handler)
    i.RCC_Delay                              0x08001aec   Section        0  stm32f1xx_hal_rcc.o(i.RCC_Delay)
    RCC_Delay                                0x08001aed   Thumb Code    30  stm32f1xx_hal_rcc.o(i.RCC_Delay)
    i.SPI_EndRxTxTransaction                 0x08001b10   Section        0  stm32f1xx_hal_spi.o(i.SPI_EndRxTxTransaction)
    SPI_EndRxTxTransaction                   0x08001b11   Thumb Code    36  stm32f1xx_hal_spi.o(i.SPI_EndRxTxTransaction)
    i.SPI_WaitFlagStateUntilTimeout          0x08001b34   Section        0  stm32f1xx_hal_spi.o(i.SPI_WaitFlagStateUntilTimeout)
    SPI_WaitFlagStateUntilTimeout            0x08001b35   Thumb Code   184  stm32f1xx_hal_spi.o(i.SPI_WaitFlagStateUntilTimeout)
    i.SVC_Handler                            0x08001bf0   Section        0  stm32f1xx_it.o(i.SVC_Handler)
    i.Spi395Exchange                         0x08001bf2   Section        0  ch395spi_hw.o(i.Spi395Exchange)
    i.SysTick_Handler                        0x08001c10   Section        0  stm32f1xx_it.o(i.SysTick_Handler)
    i.SystemClock_Config                     0x08001c14   Section        0  main.o(i.SystemClock_Config)
    i.SystemInit                             0x08001c88   Section        0  system_stm32f1xx.o(i.SystemInit)
    i.TCP_Exception_RSP                      0x08001c8c   Section        0  modbustcp.o(i.TCP_Exception_RSP)
    i.TCP_RSP_01_02                          0x08001cd0   Section        0  modbustcp.o(i.TCP_RSP_01_02)
    i.TCP_RSP_03_04                          0x08001e48   Section        0  modbustcp.o(i.TCP_RSP_03_04)
    i.TCP_RSP_05                             0x08001ed0   Section        0  modbustcp.o(i.TCP_RSP_05)
    i.TCP_RSP_06                             0x08001f58   Section        0  modbustcp.o(i.TCP_RSP_06)
    i.TCP_RSP_15                             0x08001fc8   Section        0  modbustcp.o(i.TCP_RSP_15)
    i.TCP_RSP_16                             0x080020dc   Section        0  modbustcp.o(i.TCP_RSP_16)
    i.TIM7_IRQHandler                        0x08002168   Section        0  stm32f1xx_it.o(i.TIM7_IRQHandler)
    i.TIM_Base_SetConfig                     0x08002174   Section        0  stm32f1xx_hal_tim.o(i.TIM_Base_SetConfig)
    i.UsageFault_Handler                     0x080021ec   Section        0  stm32f1xx_it.o(i.UsageFault_Handler)
    i.__NVIC_SetPriority                     0x080021ee   Section        0  stm32f1xx_hal_cortex.o(i.__NVIC_SetPriority)
    __NVIC_SetPriority                       0x080021ef   Thumb Code    32  stm32f1xx_hal_cortex.o(i.__NVIC_SetPriority)
    i.__scatterload_copy                     0x0800220e   Section       14  handlers.o(i.__scatterload_copy)
    i.__scatterload_null                     0x0800221c   Section        2  handlers.o(i.__scatterload_null)
    i.__scatterload_zeroinit                 0x0800221e   Section       14  handlers.o(i.__scatterload_zeroinit)
    i.mDelaymS                               0x0800222c   Section        0  ch395spi_hw.o(i.mDelaymS)
    i.mDelayuS                               0x08002230   Section        0  ch395spi_hw.o(i.mDelayuS)
    i.main                                   0x08002244   Section        0  main.o(i.main)
    i.transport_sendPacketBuffer             0x08002280   Section        0  modbustcp.o(i.transport_sendPacketBuffer)
    i.xReadCH395Data                         0x08002294   Section        0  ch395spi_hw.o(i.xReadCH395Data)
    i.xWriteCH395Cmd                         0x0800229a   Section        0  ch395spi_hw.o(i.xWriteCH395Cmd)
    i.xWriteCH395Data                        0x080022aa   Section        0  ch395spi_hw.o(i.xWriteCH395Data)
    .constdata                               0x080022ae   Section       16  system_stm32f1xx.o(.constdata)
    .constdata                               0x080022be   Section        8  system_stm32f1xx.o(.constdata)
    .data                                    0x20000000   Section       12  stm32f1xx_hal.o(.data)
    .data                                    0x2000000c   Section        4  system_stm32f1xx.o(.data)
    .data                                    0x20000010   Section      100  modbustcp.o(.data)
    .bss                                     0x20000074   Section       88  spi.o(.bss)
    .bss                                     0x200000cc   Section       72  stm32f1xx_hal_timebase_tim.o(.bss)
    .bss                                     0x20000114   Section     2560  modbustcp.o(.bss)
    STACK                                    0x20000b18   Section     2048  startup_stm32f107xc.o(STACK)

    Global Symbols

    Symbol Name                              Value     Ov Type        Size  Object(Section)

    BuildAttributes$$THM_ISAv4$P$D$K$B$S$PE$A:L22UL41UL21$X:L11$S22US41US21$IEEE1$IW$USESV6$~STKCKD$USESV7$~SHL$OSPACE$EBA8$MICROLIB$REQ8$PRES8$EABIv2 0x00000000   Number         0  anon$$obj.o ABSOLUTE
    __ARM_use_no_argv                        0x00000000   Number         0  main.o ABSOLUTE
    __arm_fini_                               - Undefined Weak Reference
    __cpp_initialize__aeabi_                  - Undefined Weak Reference
    __cxa_finalize                            - Undefined Weak Reference
    __decompress                              - Undefined Weak Reference
    _clock_init                               - Undefined Weak Reference
    _microlib_exit                            - Undefined Weak Reference
    __Vectors_Size                           0x00000150   Number         0  startup_stm32f107xc.o ABSOLUTE
    __Vectors                                0x08000000   Data           4  startup_stm32f107xc.o(RESET)
    __Vectors_End                            0x08000150   Data           0  startup_stm32f107xc.o(RESET)
    __main                                   0x08000151   Thumb Code     0  entry.o(.ARM.Collect$$$$00000000)
    _main_stk                                0x08000151   Thumb Code     0  entry2.o(.ARM.Collect$$$$00000001)
    _main_scatterload                        0x08000155   Thumb Code     0  entry5.o(.ARM.Collect$$$$00000004)
    __main_after_scatterload                 0x08000159   Thumb Code     0  entry5.o(.ARM.Collect$$$$00000004)
    _main_clock                              0x08000159   Thumb Code     0  entry7b.o(.ARM.Collect$$$$00000008)
    _main_cpp_init                           0x08000159   Thumb Code     0  entry8b.o(.ARM.Collect$$$$0000000A)
    _main_init                               0x08000159   Thumb Code     0  entry9a.o(.ARM.Collect$$$$0000000B)
    __rt_lib_shutdown_fini                   0x08000161   Thumb Code     0  entry12b.o(.ARM.Collect$$$$0000000E)
    __rt_final_cpp                           0x08000165   Thumb Code     0  entry10a.o(.ARM.Collect$$$$0000000F)
    __rt_final_exit                          0x08000165   Thumb Code     0  entry11a.o(.ARM.Collect$$$$00000011)
    Reset_Handler                            0x08000169   Thumb Code     8  startup_stm32f107xc.o(.text)
    ADC1_2_IRQHandler                        0x08000183   Thumb Code     0  startup_stm32f107xc.o(.text)
    CAN1_RX0_IRQHandler                      0x08000183   Thumb Code     0  startup_stm32f107xc.o(.text)
    CAN1_RX1_IRQHandler                      0x08000183   Thumb Code     0  startup_stm32f107xc.o(.text)
    CAN1_SCE_IRQHandler                      0x08000183   Thumb Code     0  startup_stm32f107xc.o(.text)
    CAN1_TX_IRQHandler                       0x08000183   Thumb Code     0  startup_stm32f107xc.o(.text)
    CAN2_RX0_IRQHandler                      0x08000183   Thumb Code     0  startup_stm32f107xc.o(.text)
    CAN2_RX1_IRQHandler                      0x08000183   Thumb Code     0  startup_stm32f107xc.o(.text)
    CAN2_SCE_IRQHandler                      0x08000183   Thumb Code     0  startup_stm32f107xc.o(.text)
    CAN2_TX_IRQHandler                       0x08000183   Thumb Code     0  startup_stm32f107xc.o(.text)
    DMA1_Channel1_IRQHandler                 0x08000183   Thumb Code     0  startup_stm32f107xc.o(.text)
    DMA1_Channel2_IRQHandler                 0x08000183   Thumb Code     0  startup_stm32f107xc.o(.text)
    DMA1_Channel3_IRQHandler                 0x08000183   Thumb Code     0  startup_stm32f107xc.o(.text)
    DMA1_Channel4_IRQHandler                 0x08000183   Thumb Code     0  startup_stm32f107xc.o(.text)
    DMA1_Channel5_IRQHandler                 0x08000183   Thumb Code     0  startup_stm32f107xc.o(.text)
    DMA1_Channel6_IRQHandler                 0x08000183   Thumb Code     0  startup_stm32f107xc.o(.text)
    DMA1_Channel7_IRQHandler                 0x08000183   Thumb Code     0  startup_stm32f107xc.o(.text)
    DMA2_Channel1_IRQHandler                 0x08000183   Thumb Code     0  startup_stm32f107xc.o(.text)
    DMA2_Channel2_IRQHandler                 0x08000183   Thumb Code     0  startup_stm32f107xc.o(.text)
    DMA2_Channel3_IRQHandler                 0x08000183   Thumb Code     0  startup_stm32f107xc.o(.text)
    DMA2_Channel4_IRQHandler                 0x08000183   Thumb Code     0  startup_stm32f107xc.o(.text)
    DMA2_Channel5_IRQHandler                 0x08000183   Thumb Code     0  startup_stm32f107xc.o(.text)
    ETH_IRQHandler                           0x08000183   Thumb Code     0  startup_stm32f107xc.o(.text)
    ETH_WKUP_IRQHandler                      0x08000183   Thumb Code     0  startup_stm32f107xc.o(.text)
    EXTI0_IRQHandler                         0x08000183   Thumb Code     0  startup_stm32f107xc.o(.text)
    EXTI15_10_IRQHandler                     0x08000183   Thumb Code     0  startup_stm32f107xc.o(.text)
    EXTI1_IRQHandler                         0x08000183   Thumb Code     0  startup_stm32f107xc.o(.text)
    EXTI2_IRQHandler                         0x08000183   Thumb Code     0  startup_stm32f107xc.o(.text)
    EXTI3_IRQHandler                         0x08000183   Thumb Code     0  startup_stm32f107xc.o(.text)
    EXTI9_5_IRQHandler                       0x08000183   Thumb Code     0  startup_stm32f107xc.o(.text)
    FLASH_IRQHandler                         0x08000183   Thumb Code     0  startup_stm32f107xc.o(.text)
    I2C1_ER_IRQHandler                       0x08000183   Thumb Code     0  startup_stm32f107xc.o(.text)
    I2C1_EV_IRQHandler                       0x08000183   Thumb Code     0  startup_stm32f107xc.o(.text)
    I2C2_ER_IRQHandler                       0x08000183   Thumb Code     0  startup_stm32f107xc.o(.text)
    I2C2_EV_IRQHandler                       0x08000183   Thumb Code     0  startup_stm32f107xc.o(.text)
    OTG_FS_IRQHandler                        0x08000183   Thumb Code     0  startup_stm32f107xc.o(.text)
    OTG_FS_WKUP_IRQHandler                   0x08000183   Thumb Code     0  startup_stm32f107xc.o(.text)
    PVD_IRQHandler                           0x08000183   Thumb Code     0  startup_stm32f107xc.o(.text)
    RCC_IRQHandler                           0x08000183   Thumb Code     0  startup_stm32f107xc.o(.text)
    RTC_Alarm_IRQHandler                     0x08000183   Thumb Code     0  startup_stm32f107xc.o(.text)
    RTC_IRQHandler                           0x08000183   Thumb Code     0  startup_stm32f107xc.o(.text)
    SPI1_IRQHandler                          0x08000183   Thumb Code     0  startup_stm32f107xc.o(.text)
    SPI2_IRQHandler                          0x08000183   Thumb Code     0  startup_stm32f107xc.o(.text)
    SPI3_IRQHandler                          0x08000183   Thumb Code     0  startup_stm32f107xc.o(.text)
    TAMPER_IRQHandler                        0x08000183   Thumb Code     0  startup_stm32f107xc.o(.text)
    TIM1_BRK_IRQHandler                      0x08000183   Thumb Code     0  startup_stm32f107xc.o(.text)
    TIM1_CC_IRQHandler                       0x08000183   Thumb Code     0  startup_stm32f107xc.o(.text)
    TIM1_TRG_COM_IRQHandler                  0x08000183   Thumb Code     0  startup_stm32f107xc.o(.text)
    TIM1_UP_IRQHandler                       0x08000183   Thumb Code     0  startup_stm32f107xc.o(.text)
    TIM2_IRQHandler                          0x08000183   Thumb Code     0  startup_stm32f107xc.o(.text)
    TIM3_IRQHandler                          0x08000183   Thumb Code     0  startup_stm32f107xc.o(.text)
    TIM4_IRQHandler                          0x08000183   Thumb Code     0  startup_stm32f107xc.o(.text)
    TIM5_IRQHandler                          0x08000183   Thumb Code     0  startup_stm32f107xc.o(.text)
    TIM6_IRQHandler                          0x08000183   Thumb Code     0  startup_stm32f107xc.o(.text)
    UART4_IRQHandler                         0x08000183   Thumb Code     0  startup_stm32f107xc.o(.text)
    UART5_IRQHandler                         0x08000183   Thumb Code     0  startup_stm32f107xc.o(.text)
    USART1_IRQHandler                        0x08000183   Thumb Code     0  startup_stm32f107xc.o(.text)
    USART2_IRQHandler                        0x08000183   Thumb Code     0  startup_stm32f107xc.o(.text)
    USART3_IRQHandler                        0x08000183   Thumb Code     0  startup_stm32f107xc.o(.text)
    WWDG_IRQHandler                          0x08000183   Thumb Code     0  startup_stm32f107xc.o(.text)
    __aeabi_uldivmod                         0x0800018d   Thumb Code    98  uldiv.o(.text)
    __aeabi_llsr                             0x080001ef   Thumb Code    32  llushr.o(.text)
    _ll_ushift_r                             0x080001ef   Thumb Code     0  llushr.o(.text)
    __aeabi_memset                           0x0800020f   Thumb Code    14  memseta.o(.text)
    __aeabi_memset4                          0x0800020f   Thumb Code     0  memseta.o(.text)
    __aeabi_memset8                          0x0800020f   Thumb Code     0  memseta.o(.text)
    __aeabi_memclr                           0x0800021d   Thumb Code     4  memseta.o(.text)
    __aeabi_memclr4                          0x0800021d   Thumb Code     0  memseta.o(.text)
    __aeabi_memclr8                          0x0800021d   Thumb Code     0  memseta.o(.text)
    _memset$wrapper                          0x08000221   Thumb Code    18  memseta.o(.text)
    __aeabi_llsl                             0x08000233   Thumb Code    30  llshl.o(.text)
    _ll_shift_l                              0x08000233   Thumb Code     0  llshl.o(.text)
    __scatterload                            0x08000251   Thumb Code    28  init.o(.text)
    __scatterload_rt2                        0x08000251   Thumb Code     0  init.o(.text)
    BusFault_Handler                         0x08000275   Thumb Code     2  stm32f1xx_it.o(i.BusFault_Handler)
    CH395CMDCheckExist                       0x08000277   Thumb Code    54  ch395cmd.o(i.CH395CMDCheckExist)
    CH395CMDGetGlobIntStatus_ALL             0x080002ad   Thumb Code    62  ch395cmd.o(i.CH395CMDGetGlobIntStatus_ALL)
    CH395CMDGetPHYStatus                     0x080002eb   Thumb Code    44  ch395cmd.o(i.CH395CMDGetPHYStatus)
    CH395CMDGetRemoteIPP                     0x08000317   Thumb Code    68  ch395cmd.o(i.CH395CMDGetRemoteIPP)
    CH395CMDInitCH395                        0x0800035b   Thumb Code    64  ch395cmd.o(i.CH395CMDInitCH395)
    CH395CMDSetGWIPAddr                      0x0800039b   Thumb Code    54  ch395cmd.o(i.CH395CMDSetGWIPAddr)
    CH395CMDSetIPAddr                        0x080003d1   Thumb Code    56  ch395cmd.o(i.CH395CMDSetIPAddr)
    CH395CMDSetMASKAddr                      0x08000409   Thumb Code    58  ch395cmd.o(i.CH395CMDSetMASKAddr)
    CH395CloseSocket                         0x08000443   Thumb Code    74  ch395cmd.o(i.CH395CloseSocket)
    CH395GetCmdStatus                        0x0800048d   Thumb Code    44  ch395cmd.o(i.CH395GetCmdStatus)
    CH395GetRecvData                         0x080004b9   Thumb Code   104  ch395cmd.o(i.CH395GetRecvData)
    CH395GetRecvLength                       0x08000521   Thumb Code    66  ch395cmd.o(i.CH395GetRecvLength)
    CH395GetSocketInt                        0x08000563   Thumb Code    60  ch395cmd.o(i.CH395GetSocketInt)
    CH395OpenSocket                          0x0800059f   Thumb Code    74  ch395cmd.o(i.CH395OpenSocket)
    CH395SendData                            0x080005e9   Thumb Code    90  ch395cmd.o(i.CH395SendData)
    CH395SetSocketProtType                   0x08000643   Thumb Code    54  ch395cmd.o(i.CH395SetSocketProtType)
    CH395SetSocketRecvBuf                    0x08000679   Thumb Code    68  ch395cmd.o(i.CH395SetSocketRecvBuf)
    CH395SetSocketSendBuf                    0x080006bd   Thumb Code    68  ch395cmd.o(i.CH395SetSocketSendBuf)
    CH395SetSocketSourPort                   0x08000701   Thumb Code    64  ch395cmd.o(i.CH395SetSocketSourPort)
    CH395SocketInterrupt                     0x08000741   Thumb Code   190  ch395cmd.o(i.CH395SocketInterrupt)
    CH395TCPListen                           0x080007ff   Thumb Code    74  ch395cmd.o(i.CH395TCPListen)
    CH395_Init                               0x08000849   Thumb Code    90  ch395cmd.o(i.CH395_Init)
    CH395_InitSocketParam                    0x080008a3   Thumb Code    64  ch395cmd.o(i.CH395_InitSocketParam)
    CH395_Port_Init                          0x080008e3   Thumb Code    10  ch395spi_hw.o(i.CH395_Port_Init)
    CH395_SocketIRQ                          0x080008ed   Thumb Code    44  ch395cmd.o(i.CH395_SocketIRQ)
    CH395_SocketIRQReceive_CallBack          0x08000919   Thumb Code    10  modbustcp.o(i.CH395_SocketIRQReceive_CallBack)
    CH395_SocketIRQTransmit_CallBack         0x08000929   Thumb Code     2  ch395cmd.o(i.CH395_SocketIRQTransmit_CallBack)
    DebugMon_Handler                         0x0800092b   Thumb Code     2  stm32f1xx_it.o(i.DebugMon_Handler)
    EXTI4_IRQHandler                         0x0800092d   Thumb Code     6  stm32f1xx_it.o(i.EXTI4_IRQHandler)
    Error_Handler                            0x08000933   Thumb Code     4  main.o(i.Error_Handler)
    HAL_Delay                                0x08000939   Thumb Code    32  stm32f1xx_hal.o(i.HAL_Delay)
    HAL_GPIO_EXTI_Callback                   0x0800095d   Thumb Code    18  main.o(i.HAL_GPIO_EXTI_Callback)
    HAL_GPIO_EXTI_IRQHandler                 0x08000979   Thumb Code    18  stm32f1xx_hal_gpio.o(i.HAL_GPIO_EXTI_IRQHandler)
    HAL_GPIO_Init                            0x08000991   Thumb Code   464  stm32f1xx_hal_gpio.o(i.HAL_GPIO_Init)
    HAL_GPIO_WritePin                        0x08000b81   Thumb Code    14  stm32f1xx_hal_gpio.o(i.HAL_GPIO_WritePin)
    HAL_GetTick                              0x08000b91   Thumb Code     6  stm32f1xx_hal.o(i.HAL_GetTick)
    HAL_IncTick                              0x08000b9d   Thumb Code    12  stm32f1xx_hal.o(i.HAL_IncTick)
    HAL_Init                                 0x08000bad   Thumb Code    32  stm32f1xx_hal.o(i.HAL_Init)
    HAL_InitTick                             0x08000bd1   Thumb Code   100  stm32f1xx_hal_timebase_tim.o(i.HAL_InitTick)
    HAL_MspInit                              0x08000c45   Thumb Code    52  stm32f1xx_hal_msp.o(i.HAL_MspInit)
    HAL_NVIC_EnableIRQ                       0x08000c81   Thumb Code    26  stm32f1xx_hal_cortex.o(i.HAL_NVIC_EnableIRQ)
    HAL_NVIC_SetPriority                     0x08000c9d   Thumb Code    60  stm32f1xx_hal_cortex.o(i.HAL_NVIC_SetPriority)
    HAL_NVIC_SetPriorityGrouping             0x08000cdd   Thumb Code    26  stm32f1xx_hal_cortex.o(i.HAL_NVIC_SetPriorityGrouping)
    HAL_RCC_ClockConfig                      0x08000d01   Thumb Code   318  stm32f1xx_hal_rcc.o(i.HAL_RCC_ClockConfig)
    HAL_RCC_GetClockConfig                   0x08000e55   Thumb Code    52  stm32f1xx_hal_rcc.o(i.HAL_RCC_GetClockConfig)
    HAL_RCC_GetHCLKFreq                      0x08000e91   Thumb Code     6  stm32f1xx_hal_rcc.o(i.HAL_RCC_GetHCLKFreq)
    HAL_RCC_GetPCLK1Freq                     0x08000e9d   Thumb Code    22  stm32f1xx_hal_rcc.o(i.HAL_RCC_GetPCLK1Freq)
    HAL_RCC_GetSysClockFreq                  0x08000ebd   Thumb Code   162  stm32f1xx_hal_rcc.o(i.HAL_RCC_GetSysClockFreq)
    HAL_RCC_OscConfig                        0x08000f91   Thumb Code  1108  stm32f1xx_hal_rcc.o(i.HAL_RCC_OscConfig)
    HAL_SPI_Init                             0x080013e5   Thumb Code   180  stm32f1xx_hal_spi.o(i.HAL_SPI_Init)
    HAL_SPI_MspInit                          0x08001499   Thumb Code   114  spi.o(i.HAL_SPI_MspInit)
    HAL_SPI_TransmitReceive                  0x0800151d   Thumb Code   484  stm32f1xx_hal_spi.o(i.HAL_SPI_TransmitReceive)
    HAL_TIMEx_BreakCallback                  0x08001701   Thumb Code     2  stm32f1xx_hal_tim_ex.o(i.HAL_TIMEx_BreakCallback)
    HAL_TIMEx_CommutCallback                 0x08001703   Thumb Code     2  stm32f1xx_hal_tim_ex.o(i.HAL_TIMEx_CommutCallback)
    HAL_TIM_Base_Init                        0x08001705   Thumb Code    74  stm32f1xx_hal_tim.o(i.HAL_TIM_Base_Init)
    HAL_TIM_Base_MspInit                     0x0800174f   Thumb Code     2  stm32f1xx_hal_tim.o(i.HAL_TIM_Base_MspInit)
    HAL_TIM_Base_Start_IT                    0x08001751   Thumb Code    92  stm32f1xx_hal_tim.o(i.HAL_TIM_Base_Start_IT)
    HAL_TIM_IC_CaptureCallback               0x080017bd   Thumb Code     2  stm32f1xx_hal_tim.o(i.HAL_TIM_IC_CaptureCallback)
    HAL_TIM_IRQHandler                       0x080017bf   Thumb Code   366  stm32f1xx_hal_tim.o(i.HAL_TIM_IRQHandler)
    HAL_TIM_OC_DelayElapsedCallback          0x0800192d   Thumb Code     2  stm32f1xx_hal_tim.o(i.HAL_TIM_OC_DelayElapsedCallback)
    HAL_TIM_PWM_PulseFinishedCallback        0x0800192f   Thumb Code     2  stm32f1xx_hal_tim.o(i.HAL_TIM_PWM_PulseFinishedCallback)
    HAL_TIM_PeriodElapsedCallback            0x08001931   Thumb Code    14  main.o(i.HAL_TIM_PeriodElapsedCallback)
    HAL_TIM_TriggerCallback                  0x08001945   Thumb Code     2  stm32f1xx_hal_tim.o(i.HAL_TIM_TriggerCallback)
    HardFault_Handler                        0x08001947   Thumb Code     2  stm32f1xx_it.o(i.HardFault_Handler)
    MB_Parse_Data                            0x08001949   Thumb Code    98  modbustcp.o(i.MB_Parse_Data)
    MB_TCP_RSP                               0x080019b5   Thumb Code    84  modbustcp.o(i.MB_TCP_RSP)
    MX_GPIO_Init                             0x08001a11   Thumb Code   122  gpio.o(i.MX_GPIO_Init)
    MX_SPI3_Init                             0x08001a9d   Thumb Code    62  spi.o(i.MX_SPI3_Init)
    MemManage_Handler                        0x08001ae5   Thumb Code     2  stm32f1xx_it.o(i.MemManage_Handler)
    NMI_Handler                              0x08001ae7   Thumb Code     2  stm32f1xx_it.o(i.NMI_Handler)
    PendSV_Handler                           0x08001ae9   Thumb Code     2  stm32f1xx_it.o(i.PendSV_Handler)
    SVC_Handler                              0x08001bf1   Thumb Code     2  stm32f1xx_it.o(i.SVC_Handler)
    Spi395Exchange                           0x08001bf3   Thumb Code    30  ch395spi_hw.o(i.Spi395Exchange)
    SysTick_Handler                          0x08001c11   Thumb Code     2  stm32f1xx_it.o(i.SysTick_Handler)
    SystemClock_Config                       0x08001c15   Thumb Code   112  main.o(i.SystemClock_Config)
    SystemInit                               0x08001c89   Thumb Code     2  system_stm32f1xx.o(i.SystemInit)
    TCP_Exception_RSP                        0x08001c8d   Thumb Code    58  modbustcp.o(i.TCP_Exception_RSP)
    TCP_RSP_01_02                            0x08001cd1   Thumb Code   358  modbustcp.o(i.TCP_RSP_01_02)
    TCP_RSP_03_04                            0x08001e49   Thumb Code   122  modbustcp.o(i.TCP_RSP_03_04)
    TCP_RSP_05                               0x08001ed1   Thumb Code   118  modbustcp.o(i.TCP_RSP_05)
    TCP_RSP_06                               0x08001f59   Thumb Code    98  modbustcp.o(i.TCP_RSP_06)
    TCP_RSP_15                               0x08001fc9   Thumb Code   264  modbustcp.o(i.TCP_RSP_15)
    TCP_RSP_16                               0x080020dd   Thumb Code   128  modbustcp.o(i.TCP_RSP_16)
    TIM7_IRQHandler                          0x08002169   Thumb Code     6  stm32f1xx_it.o(i.TIM7_IRQHandler)
    TIM_Base_SetConfig                       0x08002175   Thumb Code   104  stm32f1xx_hal_tim.o(i.TIM_Base_SetConfig)
    UsageFault_Handler                       0x080021ed   Thumb Code     2  stm32f1xx_it.o(i.UsageFault_Handler)
    __scatterload_copy                       0x0800220f   Thumb Code    14  handlers.o(i.__scatterload_copy)
    __scatterload_null                       0x0800221d   Thumb Code     2  handlers.o(i.__scatterload_null)
    __scatterload_zeroinit                   0x0800221f   Thumb Code    14  handlers.o(i.__scatterload_zeroinit)
    mDelaymS                                 0x0800222d   Thumb Code     4  ch395spi_hw.o(i.mDelaymS)
    mDelayuS                                 0x08002231   Thumb Code    18  ch395spi_hw.o(i.mDelayuS)
    main                                     0x08002245   Thumb Code    52  main.o(i.main)
    transport_sendPacketBuffer               0x08002281   Thumb Code    14  modbustcp.o(i.transport_sendPacketBuffer)
    xReadCH395Data                           0x08002295   Thumb Code     6  ch395spi_hw.o(i.xReadCH395Data)
    xWriteCH395Cmd                           0x0800229b   Thumb Code    16  ch395spi_hw.o(i.xWriteCH395Cmd)
    xWriteCH395Data                          0x080022ab   Thumb Code     4  ch395spi_hw.o(i.xWriteCH395Data)
    AHBPrescTable                            0x080022ae   Data          16  system_stm32f1xx.o(.constdata)
    APBPrescTable                            0x080022be   Data           8  system_stm32f1xx.o(.constdata)
    Region$$Table$$Base                      0x080022c8   Number         0  anon$$obj.o(Region$$Table)
    Region$$Table$$Limit                     0x080022e8   Number         0  anon$$obj.o(Region$$Table)
    uwTickFreq                               0x20000000   Data           1  stm32f1xx_hal.o(.data)
    uwTickPrio                               0x20000004   Data           4  stm32f1xx_hal.o(.data)
    uwTick                                   0x20000008   Data           4  stm32f1xx_hal.o(.data)
    SystemCoreClock                          0x2000000c   Data           4  system_stm32f1xx.o(.data)
    P_RxCount                                0x20000010   Data           2  modbustcp.o(.data)
    P_TxCount                                0x20000012   Data           2  modbustcp.o(.data)
    P_Addr                                   0x20000014   Data           2  modbustcp.o(.data)
    P_RegNum                                 0x20000016   Data           2  modbustcp.o(.data)
    P_ByteNum                                0x20000018   Data           2  modbustcp.o(.data)
    Socket_0                                 0x2000001c   Data          36  modbustcp.o(.data)
    ch395_0                                  0x20000040   Data          52  modbustcp.o(.data)
    hspi3                                    0x20000074   Data          88  spi.o(.bss)
    htim7                                    0x200000cc   Data          72  stm32f1xx_hal_timebase_tim.o(.bss)
    Rx_Buf                                   0x20000114   Data         512  modbustcp.o(.bss)
    Tx_Buf                                   0x20000314   Data         512  modbustcp.o(.bss)
    coil                                     0x20000514   Data         512  modbustcp.o(.bss)
    mreg                                     0x20000714   Data        1024  modbustcp.o(.bss)
    __initial_sp                             0x20001318   Data           0  startup_stm32f107xc.o(STACK)



==============================================================================

Memory Map of the image

  Image Entry point : 0x08000151

  Load Region LR_IROM1 (Base: 0x08000000, Size: 0x0000235c, Max: 0x00040000, ABSOLUTE)

    Execution Region ER_IROM1 (Exec base: 0x08000000, Load base: 0x08000000, Size: 0x000022e8, Max: 0x00040000, ABSOLUTE)

    Exec Addr    Load Addr    Size         Type   Attr      Idx    E Section Name        Object

    0x08000000   0x08000000   0x00000150   Data   RO            3    RESET               startup_stm32f107xc.o
    0x08000150   0x08000150   0x00000000   Code   RO         3374  * .ARM.Collect$$$$00000000  mc_w.l(entry.o)
    0x08000150   0x08000150   0x00000004   Code   RO         3383    .ARM.Collect$$$$00000001  mc_w.l(entry2.o)
    0x08000154   0x08000154   0x00000004   Code   RO         3386    .ARM.Collect$$$$00000004  mc_w.l(entry5.o)
    0x08000158   0x08000158   0x00000000   Code   RO         3388    .ARM.Collect$$$$00000008  mc_w.l(entry7b.o)
    0x08000158   0x08000158   0x00000000   Code   RO         3390    .ARM.Collect$$$$0000000A  mc_w.l(entry8b.o)
    0x08000158   0x08000158   0x00000008   Code   RO         3391    .ARM.Collect$$$$0000000B  mc_w.l(entry9a.o)
    0x08000160   0x08000160   0x00000004   Code   RO         3398    .ARM.Collect$$$$0000000E  mc_w.l(entry12b.o)
    0x08000164   0x08000164   0x00000000   Code   RO         3393    .ARM.Collect$$$$0000000F  mc_w.l(entry10a.o)
    0x08000164   0x08000164   0x00000000   Code   RO         3395    .ARM.Collect$$$$00000011  mc_w.l(entry11a.o)
    0x08000164   0x08000164   0x00000004   Code   RO         3384    .ARM.Collect$$$$00002712  mc_w.l(entry2.o)
    0x08000168   0x08000168   0x00000024   Code   RO            4    .text               startup_stm32f107xc.o
    0x0800018c   0x0800018c   0x00000062   Code   RO         3377    .text               mc_w.l(uldiv.o)
    0x080001ee   0x080001ee   0x00000020   Code   RO         3379    .text               mc_w.l(llushr.o)
    0x0800020e   0x0800020e   0x00000024   Code   RO         3381    .text               mc_w.l(memseta.o)
    0x08000232   0x08000232   0x0000001e   Code   RO         3399    .text               mc_w.l(llshl.o)
    0x08000250   0x08000250   0x00000024   Code   RO         3401    .text               mc_w.l(init.o)
    0x08000274   0x08000274   0x00000002   Code   RO          236    i.BusFault_Handler  stm32f1xx_it.o
    0x08000276   0x08000276   0x00000036   Code   RO         2918    i.CH395CMDCheckExist  ch395cmd.o
    0x080002ac   0x080002ac   0x0000003e   Code   RO         2920    i.CH395CMDGetGlobIntStatus_ALL  ch395cmd.o
    0x080002ea   0x080002ea   0x0000002c   Code   RO         2922    i.CH395CMDGetPHYStatus  ch395cmd.o
    0x08000316   0x08000316   0x00000044   Code   RO         2923    i.CH395CMDGetRemoteIPP  ch395cmd.o
    0x0800035a   0x0800035a   0x00000040   Code   RO         2927    i.CH395CMDInitCH395  ch395cmd.o
    0x0800039a   0x0800039a   0x00000036   Code   RO         2929    i.CH395CMDSetGWIPAddr  ch395cmd.o
    0x080003d0   0x080003d0   0x00000038   Code   RO         2930    i.CH395CMDSetIPAddr  ch395cmd.o
    0x08000408   0x08000408   0x0000003a   Code   RO         2933    i.CH395CMDSetMASKAddr  ch395cmd.o
    0x08000442   0x08000442   0x0000004a   Code   RO         2940    i.CH395CloseSocket  ch395cmd.o
    0x0800048c   0x0800048c   0x0000002c   Code   RO         2946    i.CH395GetCmdStatus  ch395cmd.o
    0x080004b8   0x080004b8   0x00000068   Code   RO         2949    i.CH395GetRecvData  ch395cmd.o
    0x08000520   0x08000520   0x00000042   Code   RO         2950    i.CH395GetRecvLength  ch395cmd.o
    0x08000562   0x08000562   0x0000003c   Code   RO         2951    i.CH395GetSocketInt  ch395cmd.o
    0x0800059e   0x0800059e   0x0000004a   Code   RO         2955    i.CH395OpenSocket   ch395cmd.o
    0x080005e8   0x080005e8   0x0000005a   Code   RO         2957    i.CH395SendData     ch395cmd.o
    0x08000642   0x08000642   0x00000036   Code   RO         2962    i.CH395SetSocketProtType  ch395cmd.o
    0x08000678   0x08000678   0x00000044   Code   RO         2963    i.CH395SetSocketRecvBuf  ch395cmd.o
    0x080006bc   0x080006bc   0x00000044   Code   RO         2964    i.CH395SetSocketSendBuf  ch395cmd.o
    0x08000700   0x08000700   0x00000040   Code   RO         2965    i.CH395SetSocketSourPort  ch395cmd.o
    0x08000740   0x08000740   0x000000be   Code   RO         2969    i.CH395SocketInterrupt  ch395cmd.o
    0x080007fe   0x080007fe   0x0000004a   Code   RO         2972    i.CH395TCPListen    ch395cmd.o
    0x08000848   0x08000848   0x0000005a   Code   RO         2975    i.CH395_Init        ch395cmd.o
    0x080008a2   0x080008a2   0x00000040   Code   RO         2976    i.CH395_InitSocketParam  ch395cmd.o
    0x080008e2   0x080008e2   0x0000000a   Code   RO         3317    i.CH395_Port_Init   ch395spi_hw.o
    0x080008ec   0x080008ec   0x0000002c   Code   RO         2977    i.CH395_SocketIRQ   ch395cmd.o
    0x08000918   0x08000918   0x00000010   Code   RO         2792    i.CH395_SocketIRQReceive_CallBack  modbustcp.o
    0x08000928   0x08000928   0x00000002   Code   RO         2979    i.CH395_SocketIRQTransmit_CallBack  ch395cmd.o
    0x0800092a   0x0800092a   0x00000002   Code   RO          237    i.DebugMon_Handler  stm32f1xx_it.o
    0x0800092c   0x0800092c   0x00000006   Code   RO          238    i.EXTI4_IRQHandler  stm32f1xx_it.o
    0x08000932   0x08000932   0x00000004   Code   RO           13    i.Error_Handler     main.o
    0x08000936   0x08000936   0x00000002   PAD
    0x08000938   0x08000938   0x00000024   Code   RO          752    i.HAL_Delay         stm32f1xx_hal.o
    0x0800095c   0x0800095c   0x0000001c   Code   RO           14    i.HAL_GPIO_EXTI_Callback  main.o
    0x08000978   0x08000978   0x00000018   Code   RO         1088    i.HAL_GPIO_EXTI_IRQHandler  stm32f1xx_hal_gpio.o
    0x08000990   0x08000990   0x000001f0   Code   RO         1089    i.HAL_GPIO_Init     stm32f1xx_hal_gpio.o
    0x08000b80   0x08000b80   0x0000000e   Code   RO         1093    i.HAL_GPIO_WritePin  stm32f1xx_hal_gpio.o
    0x08000b8e   0x08000b8e   0x00000002   PAD
    0x08000b90   0x08000b90   0x0000000c   Code   RO          756    i.HAL_GetTick       stm32f1xx_hal.o
    0x08000b9c   0x08000b9c   0x00000010   Code   RO          762    i.HAL_IncTick       stm32f1xx_hal.o
    0x08000bac   0x08000bac   0x00000024   Code   RO          763    i.HAL_Init          stm32f1xx_hal.o
    0x08000bd0   0x08000bd0   0x00000074   Code   RO          348    i.HAL_InitTick      stm32f1xx_hal_timebase_tim.o
    0x08000c44   0x08000c44   0x0000003c   Code   RO          324    i.HAL_MspInit       stm32f1xx_hal_msp.o
    0x08000c80   0x08000c80   0x0000001a   Code   RO         1249    i.HAL_NVIC_EnableIRQ  stm32f1xx_hal_cortex.o
    0x08000c9a   0x08000c9a   0x00000002   PAD
    0x08000c9c   0x08000c9c   0x00000040   Code   RO         1255    i.HAL_NVIC_SetPriority  stm32f1xx_hal_cortex.o
    0x08000cdc   0x08000cdc   0x00000024   Code   RO         1256    i.HAL_NVIC_SetPriorityGrouping  stm32f1xx_hal_cortex.o
    0x08000d00   0x08000d00   0x00000154   Code   RO          920    i.HAL_RCC_ClockConfig  stm32f1xx_hal_rcc.o
    0x08000e54   0x08000e54   0x0000003c   Code   RO          924    i.HAL_RCC_GetClockConfig  stm32f1xx_hal_rcc.o
    0x08000e90   0x08000e90   0x0000000c   Code   RO          925    i.HAL_RCC_GetHCLKFreq  stm32f1xx_hal_rcc.o
    0x08000e9c   0x08000e9c   0x00000020   Code   RO          927    i.HAL_RCC_GetPCLK1Freq  stm32f1xx_hal_rcc.o
    0x08000ebc   0x08000ebc   0x000000d4   Code   RO          929    i.HAL_RCC_GetSysClockFreq  stm32f1xx_hal_rcc.o
    0x08000f90   0x08000f90   0x00000454   Code   RO          932    i.HAL_RCC_OscConfig  stm32f1xx_hal_rcc.o
    0x080013e4   0x080013e4   0x000000b4   Code   RO          434    i.HAL_SPI_Init      stm32f1xx_hal_spi.o
    0x08001498   0x08001498   0x00000084   Code   RO          195    i.HAL_SPI_MspInit   spi.o
    0x0800151c   0x0800151c   0x000001e4   Code   RO          443    i.HAL_SPI_TransmitReceive  stm32f1xx_hal_spi.o
    0x08001700   0x08001700   0x00000002   Code   RO         2487    i.HAL_TIMEx_BreakCallback  stm32f1xx_hal_tim_ex.o
    0x08001702   0x08001702   0x00000002   Code   RO         2488    i.HAL_TIMEx_CommutCallback  stm32f1xx_hal_tim_ex.o
    0x08001704   0x08001704   0x0000004a   Code   RO         1772    i.HAL_TIM_Base_Init  stm32f1xx_hal_tim.o
    0x0800174e   0x0800174e   0x00000002   Code   RO         1774    i.HAL_TIM_Base_MspInit  stm32f1xx_hal_tim.o
    0x08001750   0x08001750   0x0000006c   Code   RO         1777    i.HAL_TIM_Base_Start_IT  stm32f1xx_hal_tim.o
    0x080017bc   0x080017bc   0x00000002   Code   RO         1806    i.HAL_TIM_IC_CaptureCallback  stm32f1xx_hal_tim.o
    0x080017be   0x080017be   0x0000016e   Code   RO         1820    i.HAL_TIM_IRQHandler  stm32f1xx_hal_tim.o
    0x0800192c   0x0800192c   0x00000002   Code   RO         1823    i.HAL_TIM_OC_DelayElapsedCallback  stm32f1xx_hal_tim.o
    0x0800192e   0x0800192e   0x00000002   Code   RO         1850    i.HAL_TIM_PWM_PulseFinishedCallback  stm32f1xx_hal_tim.o
    0x08001930   0x08001930   0x00000014   Code   RO           15    i.HAL_TIM_PeriodElapsedCallback  main.o
    0x08001944   0x08001944   0x00000002   Code   RO         1863    i.HAL_TIM_TriggerCallback  stm32f1xx_hal_tim.o
    0x08001946   0x08001946   0x00000002   Code   RO          239    i.HardFault_Handler  stm32f1xx_it.o
    0x08001948   0x08001948   0x0000006c   Code   RO         2793    i.MB_Parse_Data     modbustcp.o
    0x080019b4   0x080019b4   0x0000005c   Code   RO         2794    i.MB_TCP_RSP        modbustcp.o
    0x08001a10   0x08001a10   0x0000008c   Code   RO          170    i.MX_GPIO_Init      gpio.o
    0x08001a9c   0x08001a9c   0x00000048   Code   RO          196    i.MX_SPI3_Init      spi.o
    0x08001ae4   0x08001ae4   0x00000002   Code   RO          240    i.MemManage_Handler  stm32f1xx_it.o
    0x08001ae6   0x08001ae6   0x00000002   Code   RO          241    i.NMI_Handler       stm32f1xx_it.o
    0x08001ae8   0x08001ae8   0x00000002   Code   RO          242    i.PendSV_Handler    stm32f1xx_it.o
    0x08001aea   0x08001aea   0x00000002   PAD
    0x08001aec   0x08001aec   0x00000024   Code   RO          933    i.RCC_Delay         stm32f1xx_hal_rcc.o
    0x08001b10   0x08001b10   0x00000024   Code   RO          472    i.SPI_EndRxTxTransaction  stm32f1xx_hal_spi.o
    0x08001b34   0x08001b34   0x000000bc   Code   RO          477    i.SPI_WaitFlagStateUntilTimeout  stm32f1xx_hal_spi.o
    0x08001bf0   0x08001bf0   0x00000002   Code   RO          243    i.SVC_Handler       stm32f1xx_it.o
    0x08001bf2   0x08001bf2   0x0000001e   Code   RO         3318    i.Spi395Exchange    ch395spi_hw.o
    0x08001c10   0x08001c10   0x00000002   Code   RO          244    i.SysTick_Handler   stm32f1xx_it.o
    0x08001c12   0x08001c12   0x00000002   PAD
    0x08001c14   0x08001c14   0x00000074   Code   RO           16    i.SystemClock_Config  main.o
    0x08001c88   0x08001c88   0x00000002   Code   RO         2755    i.SystemInit        system_stm32f1xx.o
    0x08001c8a   0x08001c8a   0x00000002   PAD
    0x08001c8c   0x08001c8c   0x00000044   Code   RO         2795    i.TCP_Exception_RSP  modbustcp.o
    0x08001cd0   0x08001cd0   0x00000178   Code   RO         2796    i.TCP_RSP_01_02     modbustcp.o
    0x08001e48   0x08001e48   0x00000088   Code   RO         2797    i.TCP_RSP_03_04     modbustcp.o
    0x08001ed0   0x08001ed0   0x00000088   Code   RO         2798    i.TCP_RSP_05        modbustcp.o
    0x08001f58   0x08001f58   0x00000070   Code   RO         2799    i.TCP_RSP_06        modbustcp.o
    0x08001fc8   0x08001fc8   0x00000114   Code   RO         2800    i.TCP_RSP_15        modbustcp.o
    0x080020dc   0x080020dc   0x0000008c   Code   RO         2801    i.TCP_RSP_16        modbustcp.o
    0x08002168   0x08002168   0x0000000c   Code   RO          245    i.TIM7_IRQHandler   stm32f1xx_it.o
    0x08002174   0x08002174   0x00000078   Code   RO         1865    i.TIM_Base_SetConfig  stm32f1xx_hal_tim.o
    0x080021ec   0x080021ec   0x00000002   Code   RO          246    i.UsageFault_Handler  stm32f1xx_it.o
    0x080021ee   0x080021ee   0x00000020   Code   RO         1262    i.__NVIC_SetPriority  stm32f1xx_hal_cortex.o
    0x0800220e   0x0800220e   0x0000000e   Code   RO         3405    i.__scatterload_copy  mc_w.l(handlers.o)
    0x0800221c   0x0800221c   0x00000002   Code   RO         3406    i.__scatterload_null  mc_w.l(handlers.o)
    0x0800221e   0x0800221e   0x0000000e   Code   RO         3407    i.__scatterload_zeroinit  mc_w.l(handlers.o)
    0x0800222c   0x0800222c   0x00000004   Code   RO         3319    i.mDelaymS          ch395spi_hw.o
    0x08002230   0x08002230   0x00000012   Code   RO         3320    i.mDelayuS          ch395spi_hw.o
    0x08002242   0x08002242   0x00000002   PAD
    0x08002244   0x08002244   0x0000003c   Code   RO           17    i.main              main.o
    0x08002280   0x08002280   0x00000014   Code   RO         2802    i.transport_sendPacketBuffer  modbustcp.o
    0x08002294   0x08002294   0x00000006   Code   RO         3321    i.xReadCH395Data    ch395spi_hw.o
    0x0800229a   0x0800229a   0x00000010   Code   RO         3322    i.xWriteCH395Cmd    ch395spi_hw.o
    0x080022aa   0x080022aa   0x00000004   Code   RO         3323    i.xWriteCH395Data   ch395spi_hw.o
    0x080022ae   0x080022ae   0x00000010   Data   RO         2756    .constdata          system_stm32f1xx.o
    0x080022be   0x080022be   0x00000008   Data   RO         2757    .constdata          system_stm32f1xx.o
    0x080022c6   0x080022c6   0x00000002   PAD
    0x080022c8   0x080022c8   0x00000020   Data   RO         3403    Region$$Table       anon$$obj.o


    Execution Region RW_IRAM1 (Exec base: 0x20000000, Load base: 0x080022e8, Size: 0x00001318, Max: 0x00010000, ABSOLUTE)

    Exec Addr    Load Addr    Size         Type   Attr      Idx    E Section Name        Object

    0x20000000   0x080022e8   0x0000000c   Data   RW          770    .data               stm32f1xx_hal.o
    0x2000000c   0x080022f4   0x00000004   Data   RW         2758    .data               system_stm32f1xx.o
    0x20000010   0x080022f8   0x00000064   Data   RW         2804    .data               modbustcp.o
    0x20000074        -       0x00000058   Zero   RW          197    .bss                spi.o
    0x200000cc        -       0x00000048   Zero   RW          351    .bss                stm32f1xx_hal_timebase_tim.o
    0x20000114        -       0x00000a00   Zero   RW         2803    .bss                modbustcp.o
    0x20000b14   0x0800235c   0x00000004   PAD
    0x20000b18        -       0x00000800   Zero   RW            1    STACK               startup_stm32f107xc.o


==============================================================================

Image component sizes


      Code (inc. data)   RO Data    RW Data    ZI Data      Debug   Object Name

      1690          0          0          0          0      22863   ch395cmd.o
        88          0          0          0          0       3941   ch395spi_hw.o
       140         18          0          0          0        851   gpio.o
       228         28          0          0          0     637612   main.o
      1480        128          0        100       2560       9861   modbustcp.o
       204         28          0          0         88       1633   spi.o
        36          8        336          0       2048        796   startup_stm32f107xc.o
       100         18          0         12          0       6274   stm32f1xx_hal.o
       158         14          0          0          0      28234   stm32f1xx_hal_cortex.o
       534         38          0          0          0       3367   stm32f1xx_hal_gpio.o
        60          8          0          0          0        854   stm32f1xx_hal_msp.o
      1800        118          0          0          0       7154   stm32f1xx_hal_rcc.o
       888          4          0          0          0       4497   stm32f1xx_hal_spi.o
       678         32          0          0          0       6174   stm32f1xx_hal_tim.o
         4          0          0          0          0       1497   stm32f1xx_hal_tim_ex.o
       116         16          0          0         72       1407   stm32f1xx_hal_timebase_tim.o
        36          6          0          0          0       4567   stm32f1xx_it.o
         2          0         24          4          0       1075   system_stm32f1xx.o

    ----------------------------------------------------------------------
      8256        464        394        116       4772     742657   Object Totals
         0          0         32          0          0          0   (incl. Generated)
        14          0          2          0          4          0   (incl. Padding)

    ----------------------------------------------------------------------

      Code (inc. data)   RO Data    RW Data    ZI Data      Debug   Library Member Name

         0          0          0          0          0          0   entry.o
         0          0          0          0          0          0   entry10a.o
         0          0          0          0          0          0   entry11a.o
         4          0          0          0          0          0   entry12b.o
         8          4          0          0          0          0   entry2.o
         4          0          0          0          0          0   entry5.o
         0          0          0          0          0          0   entry7b.o
         0          0          0          0          0          0   entry8b.o
         8          4          0          0          0          0   entry9a.o
        30          0          0          0          0          0   handlers.o
        36          8          0          0          0         68   init.o
        30          0          0          0          0         68   llshl.o
        32          0          0          0          0         68   llushr.o
        36          0          0          0          0        108   memseta.o
        98          0          0          0          0         92   uldiv.o

    ----------------------------------------------------------------------
       286         16          0          0          0        404   Library Totals
         0          0          0          0          0          0   (incl. Padding)

    ----------------------------------------------------------------------

      Code (inc. data)   RO Data    RW Data    ZI Data      Debug   Library Name

       286         16          0          0          0        404   mc_w.l

    ----------------------------------------------------------------------
       286         16          0          0          0        404   Library Totals

    ----------------------------------------------------------------------

==============================================================================


      Code (inc. data)   RO Data    RW Data    ZI Data      Debug   

      8542        480        394        116       4772     738273   Grand Totals
      8542        480        394        116       4772     738273   ELF Image Totals
      8542        480        394        116          0          0   ROM Totals

==============================================================================

    Total RO  Size (Code + RO Data)                 8936 (   8.73kB)
    Total RW  Size (RW Data + ZI Data)              4888 (   4.77kB)
    Total ROM Size (Code + RO Data + RW Data)       9052 (   8.84kB)

==============================================================================

